ARM Linker, 5.03 [Build 76] [MDK-ARM Standard]

==============================================================================

Section Cross References

    main.o(.text) refers to stm32f2xx_tim.o(.text) for TIM_SetCounter
    main.o(.text) refers to stm32f2xx_gpio.o(.text) for GPIO_SetBits
    main.o(.text) refers to stm32f2xx_usart.o(.text) for USART_GetFlagStatus
    main.o(.text) refers to sdo.o(.text) for readNetworkDict
    main.o(.text) refers to main.o(.data) for TimingDelay
    main.o(.text) refers to main.o(.bss) for InputRegBuffer
    main.o(.text) refers to objdict1.o(.data) for ObjDict1_Data
    main.o(.text) refers to stm32f2xx_rcc.o(.text) for RCC_APB1PeriphClockCmd
    main.o(.text) refers to stm32f2xx_spi.o(.text) for SPI_Init
    main.o(.text) refers to misc.o(.text) for NVIC_Init
    main.o(.text) refers to mbslave.o(.text) for MBSlaveIni
    main.o(.text) refers to can_stm32.o(.text) for canInit
    main.o(.text) refers to timer_stm32.o(.text) for initTimer
    main.o(.text) refers to states.o(.text) for setNodeId
    main.o(.text) refers to system_stm32f2xx.o(.data) for SystemCoreClock
    main.o(.data) refers to main.o(.bss) for ADUBuff
    stm32f2xx_it.o(.text) refers to main.o(.text) for TimingDelay_Decrement
    stm32f2xx_it.o(.text) refers to stm32f2xx_tim.o(.text) for TIM_ClearFlag
    stm32f2xx_it.o(.text) refers to mbcommon.o(.text) for T15EndHandle
    stm32f2xx_it.o(.text) refers to stm32f2xx_usart.o(.text) for USART_GetITStatus
    system_stm32f2xx.o(.text) refers to system_stm32f2xx.o(.data) for SystemCoreClock
    stm32f2xx_adc.o(.text) refers to stm32f2xx_rcc.o(.text) for RCC_APB2PeriphResetCmd
    stm32f2xx_can.o(.text) refers to stm32f2xx_rcc.o(.text) for RCC_APB1PeriphResetCmd
    stm32f2xx_cryp.o(.text) refers to stm32f2xx_rcc.o(.text) for RCC_AHB2PeriphResetCmd
    stm32f2xx_cryp_aes.o(.text) refers to stm32f2xx_cryp.o(.text) for CRYP_KeyStructInit
    stm32f2xx_cryp_des.o(.text) refers to stm32f2xx_cryp.o(.text) for CRYP_KeyStructInit
    stm32f2xx_cryp_tdes.o(.text) refers to stm32f2xx_cryp.o(.text) for CRYP_KeyStructInit
    stm32f2xx_dac.o(.text) refers to stm32f2xx_rcc.o(.text) for RCC_APB1PeriphResetCmd
    stm32f2xx_gpio.o(.text) refers to stm32f2xx_rcc.o(.text) for RCC_AHB1PeriphResetCmd
    stm32f2xx_hash.o(.text) refers to stm32f2xx_rcc.o(.text) for RCC_AHB2PeriphResetCmd
    stm32f2xx_hash_md5.o(.text) refers to stm32f2xx_hash.o(.text) for HASH_DeInit
    stm32f2xx_hash_sha1.o(.text) refers to stm32f2xx_hash.o(.text) for HASH_DeInit
    stm32f2xx_i2c.o(.text) refers to stm32f2xx_rcc.o(.text) for RCC_APB1PeriphResetCmd
    stm32f2xx_pwr.o(.text) refers to stm32f2xx_rcc.o(.text) for RCC_APB1PeriphResetCmd
    stm32f2xx_rcc.o(.text) refers to stm32f2xx_rcc.o(.data) for APBAHBPrescTable
    stm32f2xx_rng.o(.text) refers to stm32f2xx_rcc.o(.text) for RCC_AHB2PeriphResetCmd
    stm32f2xx_sdio.o(.text) refers to stm32f2xx_rcc.o(.text) for RCC_APB2PeriphResetCmd
    stm32f2xx_spi.o(.text) refers to stm32f2xx_rcc.o(.text) for RCC_APB2PeriphResetCmd
    stm32f2xx_syscfg.o(.text) refers to stm32f2xx_rcc.o(.text) for RCC_APB2PeriphResetCmd
    stm32f2xx_tim.o(.text) refers to stm32f2xx_rcc.o(.text) for RCC_APB2PeriphResetCmd
    stm32f2xx_usart.o(.text) refers to stm32f2xx_rcc.o(.text) for RCC_APB2PeriphResetCmd
    stm32f2xx_wwdg.o(.text) refers to stm32f2xx_rcc.o(.text) for RCC_APB1PeriphResetCmd
    startup_stm32f2xx.o(RESET) refers to startup_stm32f2xx.o(STACK) for __initial_sp
    startup_stm32f2xx.o(RESET) refers to startup_stm32f2xx.o(.text) for Reset_Handler
    startup_stm32f2xx.o(RESET) refers to stm32f2xx_it.o(.text) for NMI_Handler
    startup_stm32f2xx.o(RESET) refers to can_stm32.o(.text) for CAN1_RX0_IRQHandler
    startup_stm32f2xx.o(RESET) refers to timer_stm32.o(.text) for TIM4_IRQHandler
    startup_stm32f2xx.o(.text) refers to system_stm32f2xx.o(.text) for SystemInit
    startup_stm32f2xx.o(.text) refers to entry.o(.ARM.Collect$$$$00000000) for __main
    mb_pfunction.o(.text) refers to main.o(.text) for MB_GetDiscrete
    mb_pfunction.o(.constdata) refers to mb_pfunction.o(.text) for FReadCoils
    mb_rtu.o(.text) refers to mb_rtu.o(.constdata) for auchCRCHi
    mbcommon.o(.text) refers to mb_rtu.o(.text) for Modbus_CRC16
    mbcommon.o(.text) refers to main.o(.text) for StartCountT35
    mbcommon.o(.text) refers to mbcommon.o(.data) for g_TimeEnd
    mbcommon.o(.text) refers to mbcommon.o(.bss) for ADUData
    mbcommon.o(.text) refers to main.o(.data) for mb_handle_event_flag
    mbslave.o(.text) refers to mb_rtu.o(.text) for Modbus_CRC16
    mbslave.o(.text) refers to main.o(.text) for SendResponse
    mbslave.o(.text) refers to mbcommon.o(.bss) for ADUData
    mbslave.o(.text) refers to mbcommon.o(.data) for PDUData
    mbslave.o(.text) refers to mb_pfunction.o(.constdata) for FCodeHandleArray
    mbslave.o(.text) refers to main.o(.data) for mb_handle_event_flag
[...]
    ..\\LIB\\STM32F2xx_StdPeriph_Driver\\src\\stm32f2xx_dma.c 0x00000000   Number         0  stm32f2xx_dma.o ABSOLUTE
    ..\\LIB\\STM32F2xx_StdPeriph_Driver\\src\\stm32f2xx_exti.c 0x00000000   Number         0  stm32f2xx_exti.o ABSOLUTE
    ..\\LIB\\STM32F2xx_StdPeriph_Driver\\src\\stm32f2xx_flash.c 0x00000000   Number         0  stm32f2xx_flash.o ABSOLUTE
    ..\\LIB\\STM32F2xx_StdPeriph_Driver\\src\\stm32f2xx_fsmc.c 0x00000000   Number         0  stm32f2xx_fsmc.o ABSOLUTE
    ..\\LIB\\STM32F2xx_StdPeriph_Driver\\src\\stm32f2xx_gpio.c 0x00000000   Number         0  stm32f2xx_gpio.o ABSOLUTE
    ..\\LIB\\STM32F2xx_StdPeriph_Driver\\src\\stm32f2xx_hash.c 0x00000000   Number         0  stm32f2xx_hash.o ABSOLUTE
    ..\\LIB\\STM32F2xx_StdPeriph_Driver\\src\\stm32f2xx_hash_md5.c 0x00000000   Number         0  stm32f2xx_hash_md5.o ABSOLUTE
    ..\\LIB\\STM32F2xx_StdPeriph_Driver\\src\\stm32f2xx_hash_sha1.c 0x00000000   Number         0  stm32f2xx_hash_sha1.o ABSOLUTE
    ..\\LIB\\STM32F2xx_StdPeriph_Driver\\src\\stm32f2xx_i2c.c 0x00000000   Number         0  stm32f2xx_i2c.o ABSOLUTE
    ..\\LIB\\STM32F2xx_StdPeriph_Driver\\src\\stm32f2xx_iwdg.c 0x00000000   Number         0  stm32f2xx_iwdg.o ABSOLUTE
    ..\\LIB\\STM32F2xx_StdPeriph_Driver\\src\\stm32f2xx_pwr.c 0x00000000   Number         0  stm32f2xx_pwr.o ABSOLUTE
    ..\\LIB\\STM32F2xx_StdPeriph_Driver\\src\\stm32f2xx_rcc.c 0x00000000   Number         0  stm32f2xx_rcc.o ABSOLUTE
    ..\\LIB\\STM32F2xx_StdPeriph_Driver\\src\\stm32f2xx_rng.c 0x00000000   Number         0  stm32f2xx_rng.o ABSOLUTE
    ..\\LIB\\STM32F2xx_StdPeriph_Driver\\src\\stm32f2xx_rtc.c 0x00000000   Number         0  stm32f2xx_rtc.o ABSOLUTE
    ..\\LIB\\STM32F2xx_StdPeriph_Driver\\src\\stm32f2xx_sdio.c 0x00000000   Number         0  stm32f2xx_sdio.o ABSOLUTE
    ..\\LIB\\STM32F2xx_StdPeriph_Driver\\src\\stm32f2xx_spi.c 0x00000000   Number         0  stm32f2xx_spi.o ABSOLUTE
    ..\\LIB\\STM32F2xx_StdPeriph_Driver\\src\\stm32f2xx_syscfg.c 0x00000000   Number         0  stm32f2xx_syscfg.o ABSOLUTE
    ..\\LIB\\STM32F2xx_StdPeriph_Driver\\src\\stm32f2xx_tim.c 0x00000000   Number         0  stm32f2xx_tim.o ABSOLUTE
    ..\\LIB\\STM32F2xx_StdPeriph_Driver\\src\\stm32f2xx_usart.c 0x00000000   Number         0  stm32f2xx_usart.o ABSOLUTE
    ..\\LIB\\STM32F2xx_StdPeriph_Driver\\src\\stm32f2xx_wwdg.c 0x00000000   Number         0  stm32f2xx_wwdg.o ABSOLUTE
    ..\\USER\\main.c                         0x00000000   Number         0  main.o ABSOLUTE
    ..\\USER\\stm32f2xx_it.c                 0x00000000   Number         0  stm32f2xx_it.o ABSOLUTE
    dc.s                                     0x00000000   Number         0  dc.o ABSOLUTE
    handlers.s                               0x00000000   Number         0  handlers.o ABSOLUTE
    init.s                                   0x00000000   Number         0  init.o ABSOLUTE
    RESET                                    0x08000000   Section      388  startup_stm32f2xx.o(RESET)
    .ARM.Collect$$$$00000000                 0x08000184   Section        0  entry.o(.ARM.Collect$$$$00000000)
    .ARM.Collect$$$$00000001                 0x08000184   Section        4  entry2.o(.ARM.Collect$$$$00000001)
    .ARM.Collect$$$$00000004                 0x08000188   Section        4  entry5.o(.ARM.Collect$$$$00000004)
    .ARM.Collect$$$$00000008                 0x0800018c   Section        0  entry7b.o(.ARM.Collect$$$$00000008)
    .ARM.Collect$$$$0000000A                 0x0800018c   Section        0  entry8b.o(.ARM.Collect$$$$0000000A)
    .ARM.Collect$$$$0000000B                 0x0800018c   Section        8  entry9a.o(.ARM.Collect$$$$0000000B)
    .ARM.Collect$$$$0000000D                 0x08000194   Section        0  entry10a.o(.ARM.Collect$$$$0000000D)
    .ARM.Collect$$$$0000000F                 0x08000194   Section        0  entry11a.o(.ARM.Collect$$$$0000000F)
    .ARM.Collect$$$$00002712                 0x08000194   Section        4  entry2.o(.ARM.Collect$$$$00002712)
    __lit__00000000                          0x08000194   Data           4  entry2.o(.ARM.Collect$$$$00002712)
    .text                                    0x08000198   Section        0  main.o(.text)
    SPI_Config                               0x08000c87   Thumb Code   164  main.o(.text)
    USART3_Config                            0x08000e19   Thumb Code   138  main.o(.text)
    .text                                    0x080010c8   Section        0  stm32f2xx_it.o(.text)
    .text                                    0x08001180   Section        0  system_stm32f2xx.o(.text)
    SetSysClock                              0x08001181   Thumb Code   190  system_stm32f2xx.o(.text)
    .text                                    0x08001360   Section        0  misc.o(.text)
    .text                                    0x08001444   Section        0  stm32f2xx_can.o(.text)
    CheckITStatus                            0x08001c47   Thumb Code    16  stm32f2xx_can.o(.text)
    .text                                    0x08001e30   Section        0  stm32f2xx_gpio.o(.text)
    .text                                    0x0800208c   Section        0  stm32f2xx_rcc.o(.text)
    .text                                    0x08002614   Section        0  stm32f2xx_spi.o(.text)
    .text                                    0x080029b8   Section        0  stm32f2xx_tim.o(.text)
    TI4_Config                               0x08003157   Thumb Code    80  stm32f2xx_tim.o(.text)
    TI3_Config                               0x080031b9   Thumb Code    72  stm32f2xx_tim.o(.text)
    TI2_Config                               0x0800321b   Thumb Code    90  stm32f2xx_tim.o(.text)
    TI1_Config                               0x08003287   Thumb Code    58  stm32f2xx_tim.o(.text)
    .text                                    0x0800365c   Section        0  stm32f2xx_usart.o(.text)
    .text                                    0x08003a78   Section       36  startup_stm32f2xx.o(.text)
    .text                                    0x08003a9c   Section        0  mb_pfunction.o(.text)
    .text                                    0x08003eec   Section        0  mb_rtu.o(.text)
    .text                                    0x08003f24   Section        0  mbcommon.o(.text)
    .text                                    0x08004070   Section        0  mbslave.o(.text)
    .text                                    0x080041a4   Section        0  can_stm32.o(.text)
    .text                                    0x08004394   Section        0  timer_stm32.o(.text)
    .text                                    0x08004448   Section        0  dcf.o(.text)
    send_consise_dcf_loop                    0x08004449   Thumb Code   324  dcf.o(.text)
    CheckSDOAndContinue                      0x0800458d   Thumb Code    76  dcf.o(.text)
    .text                                    0x08004674   Section        0  emcy.o(.text)
    .text                                    0x08004908   Section        0  lifegrd.o(.text)
    .text                                    0x08004b58   Section        0  nmtmaster.o(.text)
    .text                                    0x08004bdc   Section        0  nmtslave.o(.text)
    .text                                    0x08004cec   Section        0  objacces.o(.text)
    .text                                    0x08004f5c   Section        0  pdo.o(.text)
    sendPdo                                  0x0800519d   Thumb Code    44  pdo.o(.text)
    .text                                    0x08005918   Section        0  sdo.o(.text)
    .text                                    0x08007dc0   Section        0  states.o(.text)
    .text                                    0x08008208   Section        0  sync.o(.text)
    .text                                    0x0800832c   Section        0  timer.o(.text)
    .text                                    0x080084c4   Section        0  objdict1.o(.text)
    .text                                    0x08008668   Section        0  objdict2.o(.text)
    .text                                    0x08008774   Section        0  memcpya.o(.text)
    .text                                    0x08008798   Section        0  memcmp.o(.text)
    .text                                    0x080087b4   Section       36  init.o(.text)
    .text                                    0x080087d8   Section        0  __dczerorl2.o(.text)
    i.__scatterload_copy                     0x08008834   Section       14  handlers.o(i.__scatterload_copy)
    i.__scatterload_null                     0x08008842   Section        2  handlers.o(i.__scatterload_null)
    i.__scatterload_zeroinit                 0x08008844   Section       14  handlers.o(i.__scatterload_zeroinit)
    .constdata                               0x08008854   Section       64  mb_pfunction.o(.constdata)
    .constdata                               0x08008894   Section      512  mb_rtu.o(.constdata)
    .constdata                               0x08008a94   Section       64  states.o(.constdata)
    .constdata                               0x08008ad4   Section      252  objdict1.o(.constdata)
    .constdata                               0x08008bd0   Section      132  objdict2.o(.constdata)
    .data                                    0x20000000   Section       40  main.o(.data)
    TimingDelay                              0x20000014   Data           4  main.o(.data)
    .data                                    0x20000028   Section       20  system_stm32f2xx.o(.data)
    .data                                    0x2000003c   Section       16  stm32f2xx_rcc.o(.data)
    APBAHBPrescTable                         0x2000003c   Data          16  stm32f2xx_rcc.o(.data)
    .data                                    0x2000004c   Section       13  mbcommon.o(.data)
    .data                                    0x2000005c   Section       12  timer_stm32.o(.data)
    debug_bit                                0x2000005c   Data           4  timer_stm32.o(.data)
    TimerAlarm                               0x20000060   Data           4  timer_stm32.o(.data)
    last_time_set                            0x20000064   Data           4  timer_stm32.o(.data)
    .data                                    0x20000068   Section       12  timer.o(.data)
    .data                                    0x20000074   Section     5488  objdict1.o(.data)
    .data                                    0x200015e4   Section     1300  objdict2.o(.data)
    .bss                                     0x20001af8   Section      648  main.o(.bss)
    .bss                                     0x20001d80   Section       12  mbcommon.o(.bss)
    .bss                                     0x20001d8c   Section       50  can_stm32.o(.bss)
    m                                        0x20001d8c   Data          12  can_stm32.o(.bss)
    m                                        0x20001d98   Data          12  can_stm32.o(.bss)
    .bss                                     0x20001dc0   Section      192  timer.o(.bss)
    .bss                                     0x20001e80   Section       24  objdict1.o(.bss)
    .bss                                     0x20001e98   Section       24  objdict2.o(.bss)
    STACK                                    0x20001eb0   Section     1024  startup_stm32f2xx.o(STACK)

    Global Symbols

    Symbol Name                              Value     Ov Type        Size  Object(Section)

    BuildAttributes$$THM_ISAv4$P$D$K$B$S$PE$A:L22UL41UL21$X:L11$S22US41US21$IEEE1$IW$USESV6$~STKCKD$USESV7$~SHL$OSPACE$EBA8$MICROLIB$REQ8$PRES8$EABIv2 0x00000000   Number         0  anon$$obj.o ABSOLUTE
    __ARM_use_no_argv                        0x00000000   Number         0  main.o ABSOLUTE
    __cpp_initialize__aeabi_                  - Undefined Weak Reference
    __cxa_finalize                            - Undefined Weak Reference
    _clock_init                               - Undefined Weak Reference
    _microlib_exit                            - Undefined Weak Reference
    __Vectors_Size                           0x00000184   Number         0  startup_stm32f2xx.o ABSOLUTE
    __Vectors                                0x08000000   Data           4  startup_stm32f2xx.o(RESET)
    __Vectors_End                            0x08000184   Data           0  startup_stm32f2xx.o(RESET)
    __main                                   0x08000185   Thumb Code     0  entry.o(.ARM.Collect$$$$00000000)
    _main_stk                                0x08000185   Thumb Code     0  entry2.o(.ARM.Collect$$$$00000001)
    _main_scatterload                        0x08000189   Thumb Code     0  entry5.o(.ARM.Collect$$$$00000004)
    __main_after_scatterload                 0x0800018d   Thumb Code     0  entry5.o(.ARM.Collect$$$$00000004)
    _main_clock                              0x0800018d   Thumb Code     0  entry7b.o(.ARM.Collect$$$$00000008)
    _main_cpp_init                           0x0800018d   Thumb Code     0  entry8b.o(.ARM.Collect$$$$0000000A)
    _main_init                               0x0800018d   Thumb Code     0  entry9a.o(.ARM.Collect$$$$0000000B)
    __rt_final_cpp                           0x08000195   Thumb Code     0  entry10a.o(.ARM.Collect$$$$0000000D)
    __rt_final_exit                          0x08000195   Thumb Code     0  entry11a.o(.ARM.Collect$$$$0000000F)
    Delay                                    0x08000199   Thumb Code    20  main.o(.text)
    TimingDelay_Decrement                    0x080001ad   Thumb Code    18  main.o(.text)
    StartCountT15                            0x080001bf   Thumb Code    22  main.o(.text)
    StartCountT35                            0x080001d5   Thumb Code    20  main.o(.text)
    SendResponse                             0x080001e9   Thumb Code    84  main.o(.text)
    MB_GetDiscrete                           0x0800023d   Thumb Code    14  main.o(.text)
    MB_GetCoils                              0x0800024b   Thumb Code    14  main.o(.text)
    MB_SetCoil                               0x08000259   Thumb Code     6  main.o(.text)
    MB_GetInputRegValue                      0x0800025f   Thumb Code    10  main.o(.text)
    MB_SetInputRegValue                      0x08000269   Thumb Code     2  main.o(.text)
    MB_GetRegValue_32                        0x0800026b   Thumb Code    62  main.o(.text)
    MB_GetRegValue_16                        0x080002a9   Thumb Code    62  main.o(.text)
    MB_GetRegValue_8                         0x080002e7   Thumb Code    62  main.o(.text)
    MB_GetRegValue_bp                        0x08000325   Thumb Code    62  main.o(.text)
    MB_GetRegValue                           0x08000363   Thumb Code  2332  main.o(.text)
    MB_SetRegValue                           0x08000c7f   Thumb Code     8  main.o(.text)
    TIM_Config                               0x08000d2b   Thumb Code   238  main.o(.text)
    NVIC_Config                              0x08000ea3   Thumb Code   172  main.o(.text)
    main                                     0x08000f4f   Thumb Code   302  main.o(.text)
    Init_RxMes                               0x0800107d   Thumb Code    36  main.o(.text)
    NMI_Handler                              0x080010c9   Thumb Code     2  stm32f2xx_it.o(.text)
    HardFault_Handler                        0x080010cb   Thumb Code     4  stm32f2xx_it.o(.text)
    MemManage_Handler                        0x080010cf   Thumb Code     4  stm32f2xx_it.o(.text)
    BusFault_Handler                         0x080010d3   Thumb Code     4  stm32f2xx_it.o(.text)
    UsageFault_Handler                       0x080010d7   Thumb Code     4  stm32f2xx_it.o(.text)
    SVC_Handler                              0x080010db   Thumb Code     2  stm32f2xx_it.o(.text)
    DebugMon_Handler                         0x080010dd   Thumb Code     2  stm32f2xx_it.o(.text)
    PendSV_Handler                           0x080010df   Thumb Code     2  stm32f2xx_it.o(.text)
    SysTick_Handler                          0x080010e1   Thumb Code     8  stm32f2xx_it.o(.text)
    TIM2_IRQHandler                          0x080010e9   Thumb Code    26  stm32f2xx_it.o(.text)
    TIM3_IRQHandler                          0x08001103   Thumb Code    24  stm32f2xx_it.o(.text)
    USART3_IRQHandler                        0x0800111b   Thumb Code    92  stm32f2xx_it.o(.text)
    SystemInit                               0x0800123f   Thumb Code    74  system_stm32f2xx.o(.text)
    SystemCoreClockUpdate                    0x08001289   Thumb Code   174  system_stm32f2xx.o(.text)
    NVIC_PriorityGroupConfig                 0x08001361   Thumb Code    10  misc.o(.text)
    NVIC_Init                                0x0800136b   Thumb Code   108  misc.o(.text)
    NVIC_SetVectorTable                      0x080013d7   Thumb Code    14  misc.o(.text)
    NVIC_SystemLPConfig                      0x080013e5   Thumb Code    34  misc.o(.text)
    SysTick_CLKSourceConfig                  0x08001407   Thumb Code    40  misc.o(.text)
    CAN_DeInit                               0x08001445   Thumb Code    50  stm32f2xx_can.o(.text)
    CAN_Init                                 0x08001477   Thumb Code   276  stm32f2xx_can.o(.text)
    CAN_FilterInit                           0x0800158b   Thumb Code   258  stm32f2xx_can.o(.text)
    CAN_StructInit                           0x0800168d   Thumb Code    32  stm32f2xx_can.o(.text)
    CAN_SlaveStartBank                       0x080016ad   Thumb Code    48  stm32f2xx_can.o(.text)
    CAN_DBGFreeze                            0x080016dd   Thumb Code    22  stm32f2xx_can.o(.text)
    CAN_TTComModeCmd                         0x080016f3   Thumb Code   118  stm32f2xx_can.o(.text)
    CAN_Transmit                             0x08001769   Thumb Code   304  stm32f2xx_can.o(.text)
    CAN_TransmitStatus                       0x08001899   Thumb Code   138  stm32f2xx_can.o(.text)
    CAN_CancelTransmit                       0x08001923   Thumb Code    48  stm32f2xx_can.o(.text)
    CAN_Receive                              0x08001953   Thumb Code   240  stm32f2xx_can.o(.text)
    CAN_FIFORelease                          0x08001a43   Thumb Code    22  stm32f2xx_can.o(.text)
    CAN_MessagePending                       0x08001a59   Thumb Code    30  stm32f2xx_can.o(.text)
    CAN_OperatingModeRequest                 0x08001a77   Thumb Code   162  stm32f2xx_can.o(.text)
    CAN_Sleep                                0x08001b19   Thumb Code    30  stm32f2xx_can.o(.text)
    CAN_WakeUp                               0x08001b37   Thumb Code    48  stm32f2xx_can.o(.text)
    CAN_GetLastErrorCode                     0x08001b67   Thumb Code    12  stm32f2xx_can.o(.text)
    CAN_GetReceiveErrorCounter               0x08001b73   Thumb Code    10  stm32f2xx_can.o(.text)
    CAN_GetLSBTransmitErrorCounter           0x08001b7d   Thumb Code    12  stm32f2xx_can.o(.text)
    CAN_ITConfig                             0x08001b89   Thumb Code    18  stm32f2xx_can.o(.text)
    CAN_GetFlagStatus                        0x08001b9b   Thumb Code   120  stm32f2xx_can.o(.text)
    CAN_ClearFlag                            0x08001c13   Thumb Code    52  stm32f2xx_can.o(.text)
    CAN_GetITStatus                          0x08001c57   Thumb Code   308  stm32f2xx_can.o(.text)
    CAN_ClearITPendingBit                    0x08001d8b   Thumb Code   162  stm32f2xx_can.o(.text)
    GPIO_DeInit                              0x08001e31   Thumb Code   220  stm32f2xx_gpio.o(.text)
    GPIO_Init                                0x08001f0d   Thumb Code   144  stm32f2xx_gpio.o(.text)
    GPIO_StructInit                          0x08001f9d   Thumb Code    18  stm32f2xx_gpio.o(.text)
    GPIO_PinLockConfig                       0x08001faf   Thumb Code    34  stm32f2xx_gpio.o(.text)
    GPIO_ReadInputDataBit                    0x08001fd1   Thumb Code    18  stm32f2xx_gpio.o(.text)
    GPIO_ReadInputData                       0x08001fe3   Thumb Code     8  stm32f2xx_gpio.o(.text)
    GPIO_ReadOutputDataBit                   0x08001feb   Thumb Code    18  stm32f2xx_gpio.o(.text)
    GPIO_ReadOutputData                      0x08001ffd   Thumb Code     8  stm32f2xx_gpio.o(.text)
    GPIO_SetBits                             0x08002005   Thumb Code     4  stm32f2xx_gpio.o(.text)
    GPIO_ResetBits                           0x08002009   Thumb Code     4  stm32f2xx_gpio.o(.text)
    GPIO_WriteBit                            0x0800200d   Thumb Code    10  stm32f2xx_gpio.o(.text)
    GPIO_Write                               0x08002017   Thumb Code     4  stm32f2xx_gpio.o(.text)
    GPIO_ToggleBits                          0x0800201b   Thumb Code     8  stm32f2xx_gpio.o(.text)
    GPIO_PinAFConfig                         0x08002023   Thumb Code    70  stm32f2xx_gpio.o(.text)
    RCC_DeInit                               0x0800208d   Thumb Code    60  stm32f2xx_rcc.o(.text)
    RCC_HSEConfig                            0x080020c9   Thumb Code    14  stm32f2xx_rcc.o(.text)
    RCC_GetFlagStatus                        0x080020d7   Thumb Code    60  stm32f2xx_rcc.o(.text)
    RCC_WaitForHSEStartUp                    0x08002113   Thumb Code    56  stm32f2xx_rcc.o(.text)
    RCC_AdjustHSICalibrationValue            0x0800214b   Thumb Code    20  stm32f2xx_rcc.o(.text)
    RCC_HSICmd                               0x0800215f   Thumb Code     6  stm32f2xx_rcc.o(.text)
    RCC_LSEConfig                            0x08002165   Thumb Code    46  stm32f2xx_rcc.o(.text)
    RCC_LSICmd                               0x08002193   Thumb Code     6  stm32f2xx_rcc.o(.text)
    RCC_PLLConfig                            0x08002199   Thumb Code    32  stm32f2xx_rcc.o(.text)
    RCC_PLLCmd                               0x080021b9   Thumb Code     6  stm32f2xx_rcc.o(.text)
    RCC_PLLI2SConfig                         0x080021bf   Thumb Code    14  stm32f2xx_rcc.o(.text)
    RCC_PLLI2SCmd                            0x080021cd   Thumb Code     6  stm32f2xx_rcc.o(.text)
    RCC_ClockSecuritySystemCmd               0x080021d3   Thumb Code     6  stm32f2xx_rcc.o(.text)
    RCC_MCO1Config                           0x080021d9   Thumb Code    28  stm32f2xx_rcc.o(.text)
    RCC_MCO2Config                           0x080021f5   Thumb Code    28  stm32f2xx_rcc.o(.text)
    RCC_SYSCLKConfig                         0x08002211   Thumb Code    20  stm32f2xx_rcc.o(.text)
    RCC_GetSYSCLKSource                      0x08002225   Thumb Code    12  stm32f2xx_rcc.o(.text)
    RCC_HCLKConfig                           0x08002231   Thumb Code    20  stm32f2xx_rcc.o(.text)
    RCC_PCLK1Config                          0x08002245   Thumb Code    20  stm32f2xx_rcc.o(.text)
    RCC_PCLK2Config                          0x08002259   Thumb Code    22  stm32f2xx_rcc.o(.text)
    RCC_GetClocksFreq                        0x0800226f   Thumb Code   222  stm32f2xx_rcc.o(.text)
    RCC_RTCCLKConfig                         0x0800234d   Thumb Code    54  stm32f2xx_rcc.o(.text)
    RCC_RTCCLKCmd                            0x08002383   Thumb Code     8  stm32f2xx_rcc.o(.text)
    RCC_BackupResetCmd                       0x0800238b   Thumb Code     8  stm32f2xx_rcc.o(.text)
    RCC_I2SCLKConfig                         0x08002393   Thumb Code     6  stm32f2xx_rcc.o(.text)
    RCC_AHB1PeriphClockCmd                   0x08002399   Thumb Code    34  stm32f2xx_rcc.o(.text)
    RCC_AHB2PeriphClockCmd                   0x080023bb   Thumb Code    34  stm32f2xx_rcc.o(.text)
    RCC_AHB3PeriphClockCmd                   0x080023dd   Thumb Code    34  stm32f2xx_rcc.o(.text)
    RCC_APB1PeriphClockCmd                   0x080023ff   Thumb Code    34  stm32f2xx_rcc.o(.text)
    RCC_APB2PeriphClockCmd                   0x08002421   Thumb Code    34  stm32f2xx_rcc.o(.text)
    RCC_AHB1PeriphResetCmd                   0x08002443   Thumb Code    34  stm32f2xx_rcc.o(.text)
    RCC_AHB2PeriphResetCmd                   0x08002465   Thumb Code    72  stm32f2xx_rcc.o(.text)
    RCC_AHB3PeriphResetCmd                   0x080024ad   Thumb Code    34  stm32f2xx_rcc.o(.text)
    RCC_APB1PeriphResetCmd                   0x080024cf   Thumb Code    34  stm32f2xx_rcc.o(.text)
    RCC_APB2PeriphResetCmd                   0x080024f1   Thumb Code    34  stm32f2xx_rcc.o(.text)
    RCC_AHB1PeriphClockLPModeCmd             0x08002513   Thumb Code    34  stm32f2xx_rcc.o(.text)
    RCC_AHB2PeriphClockLPModeCmd             0x08002535   Thumb Code    34  stm32f2xx_rcc.o(.text)
    RCC_AHB3PeriphClockLPModeCmd             0x08002557   Thumb Code    34  stm32f2xx_rcc.o(.text)
    RCC_APB1PeriphClockLPModeCmd             0x08002579   Thumb Code    34  stm32f2xx_rcc.o(.text)
    RCC_APB2PeriphClockLPModeCmd             0x0800259b   Thumb Code    34  stm32f2xx_rcc.o(.text)
    RCC_ITConfig                             0x080025bd   Thumb Code    34  stm32f2xx_rcc.o(.text)
    RCC_ClearFlag                            0x080025df   Thumb Code    18  stm32f2xx_rcc.o(.text)
    RCC_GetITStatus                          0x080025f1   Thumb Code    22  stm32f2xx_rcc.o(.text)
    RCC_ClearITPendingBit                    0x08002607   Thumb Code     8  stm32f2xx_rcc.o(.text)
    SPI_I2S_DeInit                           0x08002615   Thumb Code    76  stm32f2xx_spi.o(.text)
    SPI_Init                                 0x08002661   Thumb Code    60  stm32f2xx_spi.o(.text)
    I2S_Init                                 0x0800269d   Thumb Code   346  stm32f2xx_spi.o(.text)
    SPI_StructInit                           0x080027f7   Thumb Code    24  stm32f2xx_spi.o(.text)
    I2S_StructInit                           0x0800280f   Thumb Code    20  stm32f2xx_spi.o(.text)
    SPI_Cmd                                  0x08002823   Thumb Code    24  stm32f2xx_spi.o(.text)
    I2S_Cmd                                  0x0800283b   Thumb Code    24  stm32f2xx_spi.o(.text)
    SPI_DataSizeConfig                       0x08002853   Thumb Code    18  stm32f2xx_spi.o(.text)
    SPI_BiDirectionalLineConfig              0x08002865   Thumb Code    28  stm32f2xx_spi.o(.text)
    SPI_NSSInternalSoftwareConfig            0x08002881   Thumb Code    30  stm32f2xx_spi.o(.text)
    SPI_SSOutputCmd                          0x0800289f   Thumb Code    24  stm32f2xx_spi.o(.text)
    SPI_TIModeCmd                            0x080028b7   Thumb Code    24  stm32f2xx_spi.o(.text)
    SPI_I2S_ReceiveData                      0x080028cf   Thumb Code     6  stm32f2xx_spi.o(.text)
    SPI_I2S_SendData                         0x080028d5   Thumb Code     4  stm32f2xx_spi.o(.text)
    SPI_CalculateCRC                         0x080028d9   Thumb Code    24  stm32f2xx_spi.o(.text)
    SPI_TransmitCRC                          0x080028f1   Thumb Code    10  stm32f2xx_spi.o(.text)
    SPI_GetCRC                               0x080028fb   Thumb Code    16  stm32f2xx_spi.o(.text)
    SPI_GetCRCPolynomial                     0x0800290b   Thumb Code     6  stm32f2xx_spi.o(.text)
    SPI_I2S_DMACmd                           0x08002911   Thumb Code    18  stm32f2xx_spi.o(.text)
    SPI_I2S_ITConfig                         0x08002923   Thumb Code    32  stm32f2xx_spi.o(.text)
    SPI_I2S_GetFlagStatus                    0x08002943   Thumb Code    18  stm32f2xx_spi.o(.text)
    SPI_I2S_ClearFlag                        0x08002955   Thumb Code     6  stm32f2xx_spi.o(.text)
    SPI_I2S_GetITStatus                      0x0800295b   Thumb Code    52  stm32f2xx_spi.o(.text)
    SPI_I2S_ClearITPendingBit                0x0800298f   Thumb Code    20  stm32f2xx_spi.o(.text)
    TIM_DeInit                               0x080029b9   Thumb Code   346  stm32f2xx_tim.o(.text)
    TIM_TimeBaseInit                         0x08002b13   Thumb Code   104  stm32f2xx_tim.o(.text)
    TIM_TimeBaseStructInit                   0x08002b7b   Thumb Code    18  stm32f2xx_tim.o(.text)
    TIM_PrescalerConfig                      0x08002b8d   Thumb Code     6  stm32f2xx_tim.o(.text)
    TIM_CounterModeConfig                    0x08002b93   Thumb Code    18  stm32f2xx_tim.o(.text)
    TIM_SetCounter                           0x08002ba5   Thumb Code     4  stm32f2xx_tim.o(.text)
    TIM_SetAutoreload                        0x08002ba9   Thumb Code     4  stm32f2xx_tim.o(.text)
    TIM_GetCounter                           0x08002bad   Thumb Code     6  stm32f2xx_tim.o(.text)
    TIM_GetPrescaler                         0x08002bb3   Thumb Code     6  stm32f2xx_tim.o(.text)
    TIM_UpdateDisableConfig                  0x08002bb9   Thumb Code    24  stm32f2xx_tim.o(.text)
    TIM_UpdateRequestConfig                  0x08002bd1   Thumb Code    24  stm32f2xx_tim.o(.text)
    TIM_ARRPreloadConfig                     0x08002be9   Thumb Code    24  stm32f2xx_tim.o(.text)
    TIM_SelectOnePulseMode                   0x08002c01   Thumb Code    18  stm32f2xx_tim.o(.text)
    TIM_SetClockDivision                     0x08002c13   Thumb Code    18  stm32f2xx_tim.o(.text)
    TIM_Cmd                                  0x08002c25   Thumb Code    24  stm32f2xx_tim.o(.text)
    TIM_OC1Init                              0x08002c3d   Thumb Code   114  stm32f2xx_tim.o(.text)
    TIM_OC2Init                              0x08002caf   Thumb Code   154  stm32f2xx_tim.o(.text)
    TIM_OC3Init                              0x08002d49   Thumb Code   204  stm32f2xx_tim.o(.text)
    TIM_OC4Init                              0x08002e15   Thumb Code   112  stm32f2xx_tim.o(.text)
    TIM_OCStructInit                         0x08002e85   Thumb Code    20  stm32f2xx_tim.o(.text)
    TIM_SelectOCxM                           0x08002e99   Thumb Code    86  stm32f2xx_tim.o(.text)
    TIM_SetCompare1                          0x08002eef   Thumb Code     4  stm32f2xx_tim.o(.text)
    TIM_SetCompare2                          0x08002ef3   Thumb Code     4  stm32f2xx_tim.o(.text)
    TIM_SetCompare3                          0x08002ef7   Thumb Code     4  stm32f2xx_tim.o(.text)
    TIM_SetCompare4                          0x08002efb   Thumb Code     4  stm32f2xx_tim.o(.text)
    TIM_ForcedOC1Config                      0x08002eff   Thumb Code    18  stm32f2xx_tim.o(.text)
    TIM_ForcedOC2Config                      0x08002f11   Thumb Code    26  stm32f2xx_tim.o(.text)
    TIM_ForcedOC3Config                      0x08002f2b   Thumb Code    18  stm32f2xx_tim.o(.text)
    TIM_ForcedOC4Config                      0x08002f3d   Thumb Code    26  stm32f2xx_tim.o(.text)
    TIM_OC1PreloadConfig                     0x08002f57   Thumb Code    18  stm32f2xx_tim.o(.text)
    TIM_OC2PreloadConfig                     0x08002f69   Thumb Code    26  stm32f2xx_tim.o(.text)
    TIM_OC3PreloadConfig                     0x08002f83   Thumb Code    18  stm32f2xx_tim.o(.text)
    TIM_OC4PreloadConfig                     0x08002f95   Thumb Code    26  stm32f2xx_tim.o(.text)
    TIM_OC1FastConfig                        0x08002faf   Thumb Code    18  stm32f2xx_tim.o(.text)
    TIM_OC2FastConfig                        0x08002fc1   Thumb Code    26  stm32f2xx_tim.o(.text)
    TIM_OC3FastConfig                        0x08002fdb   Thumb Code    18  stm32f2xx_tim.o(.text)
    TIM_OC4FastConfig                        0x08002fed   Thumb Code    26  stm32f2xx_tim.o(.text)
    TIM_ClearOC1Ref                          0x08003007   Thumb Code    18  stm32f2xx_tim.o(.text)
    TIM_ClearOC2Ref                          0x08003019   Thumb Code    24  stm32f2xx_tim.o(.text)
    TIM_ClearOC3Ref                          0x08003031   Thumb Code    18  stm32f2xx_tim.o(.text)
    TIM_ClearOC4Ref                          0x08003043   Thumb Code    24  stm32f2xx_tim.o(.text)
    TIM_OC1PolarityConfig                    0x0800305b   Thumb Code    18  stm32f2xx_tim.o(.text)
    TIM_OC1NPolarityConfig                   0x0800306d   Thumb Code    18  stm32f2xx_tim.o(.text)
    TIM_OC2PolarityConfig                    0x0800307f   Thumb Code    26  stm32f2xx_tim.o(.text)
    TIM_OC2NPolarityConfig                   0x08003099   Thumb Code    26  stm32f2xx_tim.o(.text)
    TIM_OC3PolarityConfig                    0x080030b3   Thumb Code    26  stm32f2xx_tim.o(.text)
    TIM_OC3NPolarityConfig                   0x080030cd   Thumb Code    26  stm32f2xx_tim.o(.text)
    TIM_OC4PolarityConfig                    0x080030e7   Thumb Code    26  stm32f2xx_tim.o(.text)
    TIM_CCxCmd                               0x08003101   Thumb Code    30  stm32f2xx_tim.o(.text)
    TIM_CCxNCmd                              0x0800311f   Thumb Code    30  stm32f2xx_tim.o(.text)
    TIM_SetIC4Prescaler                      0x0800313d   Thumb Code    26  stm32f2xx_tim.o(.text)
    TIM_SetIC3Prescaler                      0x080031a7   Thumb Code    18  stm32f2xx_tim.o(.text)
    TIM_SetIC2Prescaler                      0x08003201   Thumb Code    26  stm32f2xx_tim.o(.text)
    TIM_SetIC1Prescaler                      0x08003275   Thumb Code    18  stm32f2xx_tim.o(.text)
    TIM_ICInit                               0x080032c1   Thumb Code   110  stm32f2xx_tim.o(.text)
    TIM_ICStructInit                         0x0800332f   Thumb Code    18  stm32f2xx_tim.o(.text)
    TIM_PWMIConfig                           0x08003341   Thumb Code   124  stm32f2xx_tim.o(.text)
    TIM_GetCapture1                          0x080033bd   Thumb Code     6  stm32f2xx_tim.o(.text)
    TIM_GetCapture2                          0x080033c3   Thumb Code     6  stm32f2xx_tim.o(.text)
    TIM_GetCapture3                          0x080033c9   Thumb Code     6  stm32f2xx_tim.o(.text)
    TIM_GetCapture4                          0x080033cf   Thumb Code     6  stm32f2xx_tim.o(.text)
    TIM_BDTRConfig                           0x080033d5   Thumb Code    32  stm32f2xx_tim.o(.text)
    TIM_BDTRStructInit                       0x080033f5   Thumb Code    18  stm32f2xx_tim.o(.text)
    TIM_CtrlPWMOutputs                       0x08003407   Thumb Code    30  stm32f2xx_tim.o(.text)
    TIM_SelectCOM                            0x08003425   Thumb Code    24  stm32f2xx_tim.o(.text)
    TIM_CCPreloadControl                     0x0800343d   Thumb Code    24  stm32f2xx_tim.o(.text)
    TIM_ITConfig                             0x08003455   Thumb Code    18  stm32f2xx_tim.o(.text)
    TIM_GenerateEvent                        0x08003467   Thumb Code     4  stm32f2xx_tim.o(.text)
    TIM_GetFlagStatus                        0x0800346b   Thumb Code    18  stm32f2xx_tim.o(.text)
    TIM_ClearFlag                            0x0800347d   Thumb Code     6  stm32f2xx_tim.o(.text)
    TIM_GetITStatus                          0x08003483   Thumb Code    34  stm32f2xx_tim.o(.text)
    TIM_ClearITPendingBit                    0x080034a5   Thumb Code     6  stm32f2xx_tim.o(.text)
    TIM_DMAConfig                            0x080034ab   Thumb Code    10  stm32f2xx_tim.o(.text)
    TIM_DMACmd                               0x080034b5   Thumb Code    18  stm32f2xx_tim.o(.text)
    TIM_SelectCCDMA                          0x080034c7   Thumb Code    24  stm32f2xx_tim.o(.text)
    TIM_InternalClockConfig                  0x080034df   Thumb Code    12  stm32f2xx_tim.o(.text)
    TIM_SelectInputTrigger                   0x080034eb   Thumb Code    18  stm32f2xx_tim.o(.text)
    TIM_ITRxExternalClockConfig              0x080034fd   Thumb Code    24  stm32f2xx_tim.o(.text)
    TIM_TIxExternalClockConfig               0x08003515   Thumb Code    62  stm32f2xx_tim.o(.text)
    TIM_ETRConfig                            0x08003553   Thumb Code    28  stm32f2xx_tim.o(.text)
    TIM_ETRClockMode1Config                  0x0800356f   Thumb Code    54  stm32f2xx_tim.o(.text)
    TIM_ETRClockMode2Config                  0x080035a5   Thumb Code    32  stm32f2xx_tim.o(.text)
    TIM_SelectOutputTrigger                  0x080035c5   Thumb Code    18  stm32f2xx_tim.o(.text)
    TIM_SelectSlaveMode                      0x080035d7   Thumb Code    18  stm32f2xx_tim.o(.text)
    TIM_SelectMasterSlaveMode                0x080035e9   Thumb Code    18  stm32f2xx_tim.o(.text)
    TIM_EncoderInterfaceConfig               0x080035fb   Thumb Code    66  stm32f2xx_tim.o(.text)
    TIM_SelectHallSensor                     0x0800363d   Thumb Code    24  stm32f2xx_tim.o(.text)
    TIM_RemapConfig                          0x08003655   Thumb Code     6  stm32f2xx_tim.o(.text)
    USART_DeInit                             0x0800365d   Thumb Code   156  stm32f2xx_usart.o(.text)
    USART_Init                               0x080036f9   Thumb Code   204  stm32f2xx_usart.o(.text)
    USART_StructInit                         0x080037c5   Thumb Code    24  stm32f2xx_usart.o(.text)
    USART_ClockInit                          0x080037dd   Thumb Code    32  stm32f2xx_usart.o(.text)
    USART_ClockStructInit                    0x080037fd   Thumb Code    12  stm32f2xx_usart.o(.text)
    USART_Cmd                                0x08003809   Thumb Code    24  stm32f2xx_usart.o(.text)
    USART_SetPrescaler                       0x08003821   Thumb Code    16  stm32f2xx_usart.o(.text)
    USART_OverSampling8Cmd                   0x08003831   Thumb Code    22  stm32f2xx_usart.o(.text)
    USART_OneBitMethodCmd                    0x08003847   Thumb Code    24  stm32f2xx_usart.o(.text)
    USART_SendData                           0x0800385f   Thumb Code     8  stm32f2xx_usart.o(.text)
    USART_ReceiveData                        0x08003867   Thumb Code    10  stm32f2xx_usart.o(.text)
    USART_SetAddress                         0x08003871   Thumb Code    18  stm32f2xx_usart.o(.text)
    USART_ReceiverWakeUpCmd                  0x08003883   Thumb Code    24  stm32f2xx_usart.o(.text)
    USART_WakeUpConfig                       0x0800389b   Thumb Code    18  stm32f2xx_usart.o(.text)
    USART_LINBreakDetectLengthConfig         0x080038ad   Thumb Code    18  stm32f2xx_usart.o(.text)
    USART_LINCmd                             0x080038bf   Thumb Code    24  stm32f2xx_usart.o(.text)
    USART_SendBreak                          0x080038d7   Thumb Code    10  stm32f2xx_usart.o(.text)
    USART_HalfDuplexCmd                      0x080038e1   Thumb Code    24  stm32f2xx_usart.o(.text)
    USART_SetGuardTime                       0x080038f9   Thumb Code    16  stm32f2xx_usart.o(.text)
    USART_SmartCardCmd                       0x08003909   Thumb Code    24  stm32f2xx_usart.o(.text)
    USART_SmartCardNACKCmd                   0x08003921   Thumb Code    24  stm32f2xx_usart.o(.text)
    USART_IrDAConfig                         0x08003939   Thumb Code    18  stm32f2xx_usart.o(.text)
    USART_IrDACmd                            0x0800394b   Thumb Code    24  stm32f2xx_usart.o(.text)
    USART_DMACmd                             0x08003963   Thumb Code    18  stm32f2xx_usart.o(.text)
    USART_ITConfig                           0x08003975   Thumb Code    74  stm32f2xx_usart.o(.text)
    USART_GetFlagStatus                      0x080039bf   Thumb Code    26  stm32f2xx_usart.o(.text)
    USART_ClearFlag                          0x080039d9   Thumb Code    18  stm32f2xx_usart.o(.text)
    USART_GetITStatus                        0x080039eb   Thumb Code   110  stm32f2xx_usart.o(.text)
    USART_ClearITPendingBit                  0x08003a59   Thumb Code    30  stm32f2xx_usart.o(.text)
    Reset_Handler                            0x08003a79   Thumb Code     8  startup_stm32f2xx.o(.text)
    ADC_IRQHandler                           0x08003a93   Thumb Code     0  startup_stm32f2xx.o(.text)
    CAN1_RX1_IRQHandler                      0x08003a93   Thumb Code     0  startup_stm32f2xx.o(.text)
    CAN1_SCE_IRQHandler                      0x08003a93   Thumb Code     0  startup_stm32f2xx.o(.text)
    CAN1_TX_IRQHandler                       0x08003a93   Thumb Code     0  startup_stm32f2xx.o(.text)
    CAN2_RX1_IRQHandler                      0x08003a93   Thumb Code     0  startup_stm32f2xx.o(.text)
    CAN2_SCE_IRQHandler                      0x08003a93   Thumb Code     0  startup_stm32f2xx.o(.text)
    CAN2_TX_IRQHandler                       0x08003a93   Thumb Code     0  startup_stm32f2xx.o(.text)
    CRYP_IRQHandler                          0x08003a93   Thumb Code     0  startup_stm32f2xx.o(.text)
    DCMI_IRQHandler                          0x08003a93   Thumb Code     0  startup_stm32f2xx.o(.text)
    DMA1_Stream0_IRQHandler                  0x08003a93   Thumb Code     0  startup_stm32f2xx.o(.text)
    DMA1_Stream1_IRQHandler                  0x08003a93   Thumb Code     0  startup_stm32f2xx.o(.text)
    DMA1_Stream2_IRQHandler                  0x08003a93   Thumb Code     0  startup_stm32f2xx.o(.text)
    DMA1_Stream3_IRQHandler                  0x08003a93   Thumb Code     0  startup_stm32f2xx.o(.text)
    DMA1_Stream4_IRQHandler                  0x08003a93   Thumb Code     0  startup_stm32f2xx.o(.text)
    DMA1_Stream5_IRQHandler                  0x08003a93   Thumb Code     0  startup_stm32f2xx.o(.text)
    DMA1_Stream6_IRQHandler                  0x08003a93   Thumb Code     0  startup_stm32f2xx.o(.text)
    DMA1_Stream7_IRQHandler                  0x08003a93   Thumb Code     0  startup_stm32f2xx.o(.text)
    DMA2_Stream0_IRQHandler                  0x08003a93   Thumb Code     0  startup_stm32f2xx.o(.text)
    DMA2_Stream1_IRQHandler                  0x08003a93   Thumb Code     0  startup_stm32f2xx.o(.text)
    DMA2_Stream2_IRQHandler                  0x08003a93   Thumb Code     0  startup_stm32f2xx.o(.text)
    DMA2_Stream3_IRQHandler                  0x08003a93   Thumb Code     0  startup_stm32f2xx.o(.text)
    DMA2_Stream4_IRQHandler                  0x08003a93   Thumb Code     0  startup_stm32f2xx.o(.text)
    DMA2_Stream5_IRQHandler                  0x08003a93   Thumb Code     0  startup_stm32f2xx.o(.text)
    DMA2_Stream6_IRQHandler                  0x08003a93   Thumb Code     0  startup_stm32f2xx.o(.text)
    DMA2_Stream7_IRQHandler                  0x08003a93   Thumb Code     0  startup_stm32f2xx.o(.text)
    ETH_IRQHandler                           0x08003a93   Thumb Code     0  startup_stm32f2xx.o(.text)
    ETH_WKUP_IRQHandler                      0x08003a93   Thumb Code     0  startup_stm32f2xx.o(.text)
    EXTI0_IRQHandler                         0x08003a93   Thumb Code     0  startup_stm32f2xx.o(.text)
    EXTI15_10_IRQHandler                     0x08003a93   Thumb Code     0  startup_stm32f2xx.o(.text)
    EXTI1_IRQHandler                         0x08003a93   Thumb Code     0  startup_stm32f2xx.o(.text)
    EXTI2_IRQHandler                         0x08003a93   Thumb Code     0  startup_stm32f2xx.o(.text)
    EXTI3_IRQHandler                         0x08003a93   Thumb Code     0  startup_stm32f2xx.o(.text)
    EXTI4_IRQHandler                         0x08003a93   Thumb Code     0  startup_stm32f2xx.o(.text)
    EXTI9_5_IRQHandler                       0x08003a93   Thumb Code     0  startup_stm32f2xx.o(.text)
    FLASH_IRQHandler                         0x08003a93   Thumb Code     0  startup_stm32f2xx.o(.text)
    FSMC_IRQHandler                          0x08003a93   Thumb Code     0  startup_stm32f2xx.o(.text)
    HASH_RNG_IRQHandler                      0x08003a93   Thumb Code     0  startup_stm32f2xx.o(.text)
    I2C1_ER_IRQHandler                       0x08003a93   Thumb Code     0  startup_stm32f2xx.o(.text)
    I2C1_EV_IRQHandler                       0x08003a93   Thumb Code     0  startup_stm32f2xx.o(.text)
    I2C2_ER_IRQHandler                       0x08003a93   Thumb Code     0  startup_stm32f2xx.o(.text)
    I2C2_EV_IRQHandler                       0x08003a93   Thumb Code     0  startup_stm32f2xx.o(.text)
    I2C3_ER_IRQHandler                       0x08003a93   Thumb Code     0  startup_stm32f2xx.o(.text)
    I2C3_EV_IRQHandler                       0x08003a93   Thumb Code     0  startup_stm32f2xx.o(.text)
    OTG_FS_IRQHandler                        0x08003a93   Thumb Code     0  startup_stm32f2xx.o(.text)
    OTG_FS_WKUP_IRQHandler                   0x08003a93   Thumb Code     0  startup_stm32f2xx.o(.text)
    OTG_HS_EP1_IN_IRQHandler                 0x08003a93   Thumb Code     0  startup_stm32f2xx.o(.text)
    OTG_HS_EP1_OUT_IRQHandler                0x08003a93   Thumb Code     0  startup_stm32f2xx.o(.text)
    OTG_HS_IRQHandler                        0x08003a93   Thumb Code     0  startup_stm32f2xx.o(.text)
    OTG_HS_WKUP_IRQHandler                   0x08003a93   Thumb Code     0  startup_stm32f2xx.o(.text)
    PVD_IRQHandler                           0x08003a93   Thumb Code     0  startup_stm32f2xx.o(.text)
    RCC_IRQHandler                           0x08003a93   Thumb Code     0  startup_stm32f2xx.o(.text)
    RTC_Alarm_IRQHandler                     0x08003a93   Thumb Code     0  startup_stm32f2xx.o(.text)
    RTC_WKUP_IRQHandler                      0x08003a93   Thumb Code     0  startup_stm32f2xx.o(.text)
    SDIO_IRQHandler                          0x08003a93   Thumb Code     0  startup_stm32f2xx.o(.text)
    SPI1_IRQHandler                          0x08003a93   Thumb Code     0  startup_stm32f2xx.o(.text)
    SPI2_IRQHandler                          0x08003a93   Thumb Code     0  startup_stm32f2xx.o(.text)
    SPI3_IRQHandler                          0x08003a93   Thumb Code     0  startup_stm32f2xx.o(.text)
    TAMP_STAMP_IRQHandler                    0x08003a93   Thumb Code     0  startup_stm32f2xx.o(.text)
    TIM1_BRK_TIM9_IRQHandler                 0x08003a93   Thumb Code     0  startup_stm32f2xx.o(.text)
    TIM1_CC_IRQHandler                       0x08003a93   Thumb Code     0  startup_stm32f2xx.o(.text)
    TIM1_TRG_COM_TIM11_IRQHandler            0x08003a93   Thumb Code     0  startup_stm32f2xx.o(.text)
    TIM1_UP_TIM10_IRQHandler                 0x08003a93   Thumb Code     0  startup_stm32f2xx.o(.text)
    TIM5_IRQHandler                          0x08003a93   Thumb Code     0  startup_stm32f2xx.o(.text)
    TIM6_DAC_IRQHandler                      0x08003a93   Thumb Code     0  startup_stm32f2xx.o(.text)
    TIM7_IRQHandler                          0x08003a93   Thumb Code     0  startup_stm32f2xx.o(.text)
    TIM8_BRK_TIM12_IRQHandler                0x08003a93   Thumb Code     0  startup_stm32f2xx.o(.text)
    TIM8_CC_IRQHandler                       0x08003a93   Thumb Code     0  startup_stm32f2xx.o(.text)
    TIM8_TRG_COM_TIM14_IRQHandler            0x08003a93   Thumb Code     0  startup_stm32f2xx.o(.text)
    TIM8_UP_TIM13_IRQHandler                 0x08003a93   Thumb Code     0  startup_stm32f2xx.o(.text)
    UART4_IRQHandler                         0x08003a93   Thumb Code     0  startup_stm32f2xx.o(.text)
    UART5_IRQHandler                         0x08003a93   Thumb Code     0  startup_stm32f2xx.o(.text)
    USART1_IRQHandler                        0x08003a93   Thumb Code     0  startup_stm32f2xx.o(.text)
    USART2_IRQHandler                        0x08003a93   Thumb Code     0  startup_stm32f2xx.o(.text)
    USART6_IRQHandler                        0x08003a93   Thumb Code     0  startup_stm32f2xx.o(.text)
    WWDG_IRQHandler                          0x08003a93   Thumb Code     0  startup_stm32f2xx.o(.text)
    FTest                                    0x08003a9d   Thumb Code     2  mb_pfunction.o(.text)
    ReadDiscreteInputs                       0x08003a9f   Thumb Code    70  mb_pfunction.o(.text)
    ReadCoils                                0x08003ae5   Thumb Code    70  mb_pfunction.o(.text)
    WriteSingleCoil                          0x08003b2b   Thumb Code    28  mb_pfunction.o(.text)
    ReadInputReg                             0x08003b47   Thumb Code    50  mb_pfunction.o(.text)
    ReadHoldingReg                           0x08003b79   Thumb Code    50  mb_pfunction.o(.text)
    WriteHoldingReg                          0x08003bab   Thumb Code    52  mb_pfunction.o(.text)
    FReadCoils                               0x08003bdf   Thumb Code   156  mb_pfunction.o(.text)
    FReadDiscreteInputs                      0x08003c7b   Thumb Code   156  mb_pfunction.o(.text)
    FReadHoldingReg                          0x08003d17   Thumb Code    94  mb_pfunction.o(.text)
    FReadInputReg                            0x08003d75   Thumb Code    94  mb_pfunction.o(.text)
    FWriteSingleCoil                         0x08003dd3   Thumb Code    88  mb_pfunction.o(.text)
    FWriteSingleReg                          0x08003e2b   Thumb Code    88  mb_pfunction.o(.text)
    FWriteMultipleReg                        0x08003e83   Thumb Code   106  mb_pfunction.o(.text)
    Modbus_CRC16                             0x08003eed   Thumb Code    48  mb_rtu.o(.text)
    Waite10mS                                0x08003f25   Thumb Code    12  mbcommon.o(.text)
    Time10mSHandle                           0x08003f31   Thumb Code    34  mbcommon.o(.text)
    T15EndHandle                             0x08003f53   Thumb Code   106  mbcommon.o(.text)
    T35EndHandle                             0x08003fbd   Thumb Code    60  mbcommon.o(.text)
    ReceOneChar                              0x08003ff9   Thumb Code    56  mbcommon.o(.text)
    PutDataInPUD                             0x08004031   Thumb Code    44  mbcommon.o(.text)
    MBSlaveIni                               0x08004071   Thumb Code    24  mbslave.o(.text)
    FunctionHandle                           0x08004089   Thumb Code    80  mbslave.o(.text)
    PackPDU2ADU                              0x080040d9   Thumb Code    48  mbslave.o(.text)
    TransfersReplyHandle                     0x08004109   Thumb Code    80  mbslave.o(.text)
    IdleModbus                               0x08004159   Thumb Code    60  mbslave.o(.text)
    canInit                                  0x080041a5   Thumb Code   180  can_stm32.o(.text)
    canSend                                  0x08004259   Thumb Code    88  can_stm32.o(.text)
    canReceive_1                             0x080042b1   Thumb Code    76  can_stm32.o(.text)
    canReceive_2                             0x080042fd   Thumb Code    76  can_stm32.o(.text)
    CAN1_RX0_IRQHandler                      0x08004349   Thumb Code    20  can_stm32.o(.text)
    CAN2_RX0_IRQHandler                      0x0800435d   Thumb Code    20  can_stm32.o(.text)
    initTimer                                0x08004395   Thumb Code    84  timer_stm32.o(.text)
    setTimer                                 0x080043e9   Thumb Code    14  timer_stm32.o(.text)
    getElapsedTime                           0x080043f7   Thumb Code    34  timer_stm32.o(.text)
    TIM4_IRQHandler                          0x08004419   Thumb Code    38  timer_stm32.o(.text)
    send_consise_dcf                         0x080045d9   Thumb Code   148  dcf.o(.text)
    OnNumberOfErrorsUpdate                   0x08004675   Thumb Code    44  emcy.o(.text)
    emergencyInit                            0x080046a1   Thumb Code    30  emcy.o(.text)
    emergencyStop                            0x080046bf   Thumb Code     2  emcy.o(.text)
    sendEMCY                                 0x080046c1   Thumb Code    82  emcy.o(.text)
    EMCY_setError                            0x08004713   Thumb Code   294  emcy.o(.text)
    EMCY_errorRecovered                      0x08004839   Thumb Code   152  emcy.o(.text)
    proceedEMCY                              0x080048d1   Thumb Code    54  emcy.o(.text)
    _post_emcy                               0x08004907   Thumb Code     2  emcy.o(.text)
    getNodeState                             0x08004909   Thumb Code    10  lifegrd.o(.text)
    ConsumerHearbeatAlarm                    0x08004913   Thumb Code    40  lifegrd.o(.text)
    proceedNODE_GUARD                        0x0800493b   Thumb Code   248  lifegrd.o(.text)
    ProducerHearbeatAlarm                    0x08004a33   Thumb Code    72  lifegrd.o(.text)
    heartbeatInit                            0x08004a7b   Thumb Code   134  lifegrd.o(.text)
    heartbeatStop                            0x08004b01   Thumb Code    56  lifegrd.o(.text)
    OnHeartbeatProducerUpdate                0x08004b39   Thumb Code    24  lifegrd.o(.text)
    _heartbeatError                          0x08004b51   Thumb Code     2  lifegrd.o(.text)
    _post_SlaveBootup                        0x08004b53   Thumb Code     2  lifegrd.o(.text)
    masterSendNMTstateChange                 0x08004b59   Thumb Code    44  nmtmaster.o(.text)
    masterSendNMTnodeguard                   0x08004b85   Thumb Code    38  nmtmaster.o(.text)
    masterRequestNodeState                   0x08004bab   Thumb Code    50  nmtmaster.o(.text)
    proceedNMTstateChange                    0x08004bdd   Thumb Code   224  nmtslave.o(.text)
    slaveSendBootUp                          0x08004cbd   Thumb Code    46  nmtslave.o(.text)
    _getODentry                              0x08004ced   Thumb Code   260  objacces.o(.text)
    _setODentry                              0x08004df1   Thumb Code   266  objacces.o(.text)
    scanIndexOD                              0x08004efb   Thumb Code    28  objacces.o(.text)
    RegisterSetODentryCallBack               0x08004f17   Thumb Code    54  objacces.o(.text)
    _storeODSubIndex                         0x08004f4d   Thumb Code     2  objacces.o(.text)
    CopyBits                                 0x08004f5d   Thumb Code   236  pdo.o(.text)
    buildPDO                                 0x08005049   Thumb Code   242  pdo.o(.text)
    sendPDOrequest                           0x0800513b   Thumb Code    98  pdo.o(.text)
    PDOInhibitTimerAlarm                     0x080051c9   Thumb Code    56  pdo.o(.text)
    sendOnePDOevent                          0x08005201   Thumb Code   314  pdo.o(.text)
    PDOEventTimerAlarm                       0x0800533b   Thumb Code    46  pdo.o(.text)
    proceedPDO                               0x08005369   Thumb Code   672  pdo.o(.text)
    _sendPDOevent                            0x08005609   Thumb Code   416  pdo.o(.text)
    sendPDOevent                             0x080057a9   Thumb Code    14  pdo.o(.text)
    TPDO_Communication_Parameter_Callback    0x080057b7   Thumb Code   150  pdo.o(.text)
    PDOInit                                  0x0800584d   Thumb Code    84  pdo.o(.text)
    PDOStop                                  0x080058a1   Thumb Code   120  pdo.o(.text)
    initSDOline                              0x08005919   Thumb Code   282  sdo.o(.text)
    resetSDOline                             0x08005a33   Thumb Code    96  sdo.o(.text)
    sendSDO                                  0x08005a93   Thumb Code   226  sdo.o(.text)
    sendSDOabort                             0x08005b75   Thumb Code   106  sdo.o(.text)
    SDOTimeoutAlarm                          0x08005bdf   Thumb Code   248  sdo.o(.text)
    resetSDO                                 0x08005cd7   Thumb Code    26  sdo.o(.text)
    SDOlineToObjdict                         0x08005cf1   Thumb Code   186  sdo.o(.text)
    objdictToSDOline                         0x08005dab   Thumb Code   142  sdo.o(.text)
    lineToSDO                                0x08005e39   Thumb Code   176  sdo.o(.text)
    SDOtoLine                                0x08005ee9   Thumb Code   134  sdo.o(.text)
    getSDOlineOnUse                          0x08005f6f   Thumb Code    90  sdo.o(.text)
    failedSDO                                0x08005fc9   Thumb Code   158  sdo.o(.text)
    getSDOfreeLine                           0x08006067   Thumb Code    66  sdo.o(.text)
    closeSDOtransfer                         0x080060a9   Thumb Code    42  sdo.o(.text)
    getSDOlineRestBytes                      0x080060d3   Thumb Code    74  sdo.o(.text)
    setSDOlineRestBytes                      0x0800611d   Thumb Code    34  sdo.o(.text)
    proceedSDO                               0x0800613f   Thumb Code  5580  sdo.o(.text)
    _writeNetworkDict                        0x0800770b   Thumb Code   490  sdo.o(.text)
    writeNetworkDict                         0x080078f5   Thumb Code    52  sdo.o(.text)
    writeNetworkDictCallBack                 0x08007929   Thumb Code    48  sdo.o(.text)
    writeNetworkDictCallBackAI               0x08007959   Thumb Code   188  sdo.o(.text)
    _readNetworkDict                         0x08007a15   Thumb Code   320  sdo.o(.text)
    readNetworkDict                          0x08007b55   Thumb Code    38  sdo.o(.text)
    readNetworkDictCallback                  0x08007b7b   Thumb Code    36  sdo.o(.text)
    readNetworkDictCallbackAI                0x08007b9f   Thumb Code   178  sdo.o(.text)
    getReadResultNetworkDict                 0x08007c51   Thumb Code   286  sdo.o(.text)
    getWriteResultNetworkDict                0x08007d6f   Thumb Code    82  sdo.o(.text)
    getState                                 0x08007dc1   Thumb Code     8  states.o(.text)
    canDispatch                              0x08007dc9   Thumb Code   162  states.o(.text)
    switchCommunicationState                 0x08007e6b   Thumb Code   324  states.o(.text)
    setState                                 0x08007faf   Thumb Code   216  states.o(.text)
    getNodeId                                0x08008087   Thumb Code     8  states.o(.text)
    setNodeId                                0x0800808f   Thumb Code   366  states.o(.text)
    _initialisation                          0x080081fd   Thumb Code     2  states.o(.text)
    _preOperational                          0x080081ff   Thumb Code     2  states.o(.text)
    _operational                             0x08008201   Thumb Code     2  states.o(.text)
    _stopped                                 0x08008203   Thumb Code     2  states.o(.text)
    proceedSYNC                              0x08008209   Thumb Code    46  sync.o(.text)
    sendSYNCMessage                          0x08008237   Thumb Code    38  sync.o(.text)
    sendSYNC                                 0x0800825d   Thumb Code    22  sync.o(.text)
    SyncAlarm                                0x08008273   Thumb Code    14  sync.o(.text)
    stopSYNC                                 0x08008281   Thumb Code    46  sync.o(.text)
    startSYNC                                0x080082af   Thumb Code    98  sync.o(.text)
    OnCOB_ID_SyncUpdate                      0x08008311   Thumb Code    18  sync.o(.text)
    _post_sync                               0x08008323   Thumb Code     2  sync.o(.text)
    _post_TPDO                               0x08008325   Thumb Code     2  sync.o(.text)
    SetAlarm                                 0x0800832d   Thumb Code   170  timer.o(.text)
    DelAlarm                                 0x080083d7   Thumb Code    46  timer.o(.text)
    TimeDispatch                             0x08008405   Thumb Code   178  timer.o(.text)
    ObjDict1_valueRangeTest                  0x080084c5   Thumb Code    22  objdict1.o(.text)
    ObjDict1_scanIndexOD                     0x080084db   Thumb Code   374  objdict1.o(.text)
    ObjDict2_valueRangeTest                  0x08008669   Thumb Code    22  objdict2.o(.text)
    ObjDict2_scanIndexOD                     0x0800867f   Thumb Code   222  objdict2.o(.text)
    __aeabi_memcpy                           0x08008775   Thumb Code    36  memcpya.o(.text)
    __aeabi_memcpy4                          0x08008775   Thumb Code     0  memcpya.o(.text)
    __aeabi_memcpy8                          0x08008775   Thumb Code     0  memcpya.o(.text)
    memcmp                                   0x08008799   Thumb Code    26  memcmp.o(.text)
    __scatterload                            0x080087b5   Thumb Code    28  init.o(.text)
    __scatterload_rt2                        0x080087b5   Thumb Code     0  init.o(.text)
    __decompress                             0x080087d9   Thumb Code     0  __dczerorl2.o(.text)
    __decompress1                            0x080087d9   Thumb Code    92  __dczerorl2.o(.text)
    __scatterload_copy                       0x08008835   Thumb Code    14  handlers.o(i.__scatterload_copy)
    __scatterload_null                       0x08008843   Thumb Code     2  handlers.o(i.__scatterload_null)
    __scatterload_zeroinit                   0x08008845   Thumb Code    14  handlers.o(i.__scatterload_zeroinit)
    FCodeHandleArray                         0x08008854   Data          64  mb_pfunction.o(.constdata)
    auchCRCLo                                0x08008894   Data         256  mb_rtu.o(.constdata)
    auchCRCHi                                0x08008994   Data         256  mb_rtu.o(.constdata)
    ObjDict1_iam_a_slave                     0x08008ad4   Data           1  objdict1.o(.constdata)
    ObjDict1_objdict                         0x08008ad8   Data         248  objdict1.o(.constdata)
    ObjDict2_iam_a_slave                     0x08008bd0   Data           1  objdict2.o(.constdata)
    ObjDict2_objdict                         0x08008bd4   Data         128  objdict2.o(.constdata)
    Region$$Table$$Base                      0x08008c54   Number         0  anon$$obj.o(Region$$Table)
    Region$$Table$$Limit                     0x08008c74   Number         0  anon$$obj.o(Region$$Table)
    KeyNumber                                0x20000000   Data           1  main.o(.data)
    PrescalerValue                           0x20000002   Data           2  main.o(.data)
    SlaveDevice                              0x20000004   Data          12  main.o(.data)
    abortCode                                0x20000010   Data           4  main.o(.data)
    mb_handle_event_flag                     0x20000018   Data           1  main.o(.data)
    rdata                                    0x20000019   Data           5  main.o(.data)
    rdata32                                  0x20000020   Data           4  main.o(.data)
    size                                     0x20000024   Data           4  main.o(.data)
    SystemCoreClock                          0x20000028   Data           4  system_stm32f2xx.o(.data)
    AHBPrescTable                            0x2000002c   Data          16  system_stm32f2xx.o(.data)
    PDUData                                  0x2000004c   Data           8  mbcommon.o(.data)
    g_10mS_count                             0x20000054   Data           4  mbcommon.o(.data)
    g_TimeEnd                                0x20000058   Data           1  mbcommon.o(.data)
    total_sleep_time                         0x20000068   Data           4  timer.o(.data)
    last_timer_raw                           0x2000006c   Data           2  timer.o(.data)
    tdcount                                  0x20000070   Data           4  timer.o(.data)
    DI1                                      0x20000074   Data           1  objdict1.o(.data)
    DI2                                      0x20000075   Data           1  objdict1.o(.data)
    DO1                                      0x20000076   Data           1  objdict1.o(.data)
    DO2                                      0x20000077   Data           1  objdict1.o(.data)
    ObjDict1_bDeviceNodeId                   0x20000078   Data           1  objdict1.o(.data)
    ObjDict1_heartBeatTimers                 0x2000007a   Data           2  objdict1.o(.data)
    ObjDict1_obj1000                         0x2000007c   Data           4  objdict1.o(.data)
    ObjDict1_Index1000                       0x20000080   Data          12  objdict1.o(.data)
    ObjDict1_obj1001                         0x2000008c   Data           1  objdict1.o(.data)
    ObjDict1_Index1001                       0x20000090   Data          12  objdict1.o(.data)
    ObjDict1_highestSubIndex_obj1003         0x2000009c   Data           1  objdict1.o(.data)
    ObjDict1_obj1003                         0x200000a0   Data           4  objdict1.o(.data)
    ObjDict1_Index1003_callbacks             0x200000a4   Data           8  objdict1.o(.data)
    ObjDict1_Index1003                       0x200000ac   Data          24  objdict1.o(.data)
    ObjDict1_obj1005                         0x200000c4   Data           4  objdict1.o(.data)
    ObjDict1_Index1005_callbacks             0x200000c8   Data           4  objdict1.o(.data)
    ObjDict1_Index1005                       0x200000cc   Data          12  objdict1.o(.data)
    ObjDict1_obj1006                         0x200000d8   Data           4  objdict1.o(.data)
    ObjDict1_Index1006_callbacks             0x200000dc   Data           4  objdict1.o(.data)
    ObjDict1_Index1006                       0x200000e0   Data          12  objdict1.o(.data)
    ObjDict1_obj1014                         0x200000ec   Data           4  objdict1.o(.data)
    ObjDict1_highestSubIndex_obj1016         0x200000f0   Data           1  objdict1.o(.data)
    ObjDict1_obj1016                         0x200000f4   Data           4  objdict1.o(.data)
    ObjDict1_Index1016                       0x200000f8   Data          24  objdict1.o(.data)
    ObjDict1_obj1017                         0x20000110   Data           2  objdict1.o(.data)
    ObjDict1_highestSubIndex_obj1018         0x20000112   Data           1  objdict1.o(.data)
    ObjDict1_obj1018_Vendor_ID               0x20000114   Data           4  objdict1.o(.data)
    ObjDict1_obj1018_Product_Code            0x20000118   Data           4  objdict1.o(.data)
    ObjDict1_obj1018_Revision_Number         0x2000011c   Data           4  objdict1.o(.data)
    ObjDict1_obj1018_Serial_Number           0x20000120   Data           4  objdict1.o(.data)
    ObjDict1_Index1018                       0x20000124   Data          60  objdict1.o(.data)
    ObjDict1_highestSubIndex_obj1200         0x20000160   Data           1  objdict1.o(.data)
    ObjDict1_obj1200_COB_ID_Client_to_Server_Receive_SDO 0x20000164   Data           4  objdict1.o(.data)
    ObjDict1_obj1200_COB_ID_Server_to_Client_Transmit_SDO 0x20000168   Data           4  objdict1.o(.data)
    ObjDict1_Index1200                       0x2000016c   Data          36  objdict1.o(.data)
    ObjDict1_highestSubIndex_obj1280         0x20000190   Data           1  objdict1.o(.data)
    ObjDict1_obj1280_COB_ID_Client_to_Server_Transmit_SDO 0x20000194   Data           4  objdict1.o(.data)
    ObjDict1_obj1280_COB_ID_Server_to_Client_Receive_SDO 0x20000198   Data           4  objdict1.o(.data)
    ObjDict1_obj1280_Node_ID_of_the_SDO_Server 0x2000019c   Data           1  objdict1.o(.data)
    ObjDict1_Index1280                       0x200001a0   Data          48  objdict1.o(.data)
    ObjDict1_highestSubIndex_obj1281         0x200001d0   Data           1  objdict1.o(.data)
    ObjDict1_obj1281_COB_ID_Client_to_Server_Transmit_SDO 0x200001d4   Data           4  objdict1.o(.data)
    ObjDict1_obj1281_COB_ID_Server_to_Client_Receive_SDO 0x200001d8   Data           4  objdict1.o(.data)
    ObjDict1_obj1281_Node_ID_of_the_SDO_Server 0x200001dc   Data           1  objdict1.o(.data)
    ObjDict1_Index1281                       0x200001e0   Data          48  objdict1.o(.data)
    ObjDict1_highestSubIndex_obj1400         0x20000210   Data           1  objdict1.o(.data)
    ObjDict1_obj1400_COB_ID_used_by_PDO      0x20000214   Data           4  objdict1.o(.data)
    ObjDict1_obj1400_Transmission_Type       0x20000218   Data           1  objdict1.o(.data)
    ObjDict1_obj1400_Inhibit_Time            0x2000021a   Data           2  objdict1.o(.data)
    ObjDict1_obj1400_Compatibility_Entry     0x2000021c   Data           1  objdict1.o(.data)
    ObjDict1_obj1400_Event_Timer             0x2000021e   Data           2  objdict1.o(.data)
    ObjDict1_Index1400                       0x20000220   Data          72  objdict1.o(.data)
    ObjDict1_highestSubIndex_obj1600         0x20000268   Data           1  objdict1.o(.data)
    ObjDict1_obj1600                         0x2000026c   Data           4  objdict1.o(.data)
    ObjDict1_Index1600                       0x20000270   Data          24  objdict1.o(.data)
    ObjDict1_highestSubIndex_obj1800         0x20000288   Data           1  objdict1.o(.data)
    ObjDict1_obj1800_COB_ID_used_by_PDO      0x2000028c   Data           4  objdict1.o(.data)
    ObjDict1_obj1800_Transmission_Type       0x20000290   Data           1  objdict1.o(.data)
    ObjDict1_obj1800_Inhibit_Time            0x20000292   Data           2  objdict1.o(.data)
    ObjDict1_obj1800_Compatibility_Entry     0x20000294   Data           1  objdict1.o(.data)
    ObjDict1_obj1800_Event_Timer             0x20000296   Data           2  objdict1.o(.data)
    ObjDict1_Index1800                       0x20000298   Data          72  objdict1.o(.data)
    ObjDict1_highestSubIndex_obj1A00         0x200002e0   Data           1  objdict1.o(.data)
    ObjDict1_obj1A00                         0x200002e4   Data           4  objdict1.o(.data)
    ObjDict1_Index1A00                       0x200002e8   Data          24  objdict1.o(.data)
    ObjDict1_Index2000                       0x20000300   Data          12  objdict1.o(.data)
    ObjDict1_Index2001                       0x2000030c   Data          12  objdict1.o(.data)
    ObjDict1_Index2100                       0x20000318   Data          12  objdict1.o(.data)
    ObjDict1_Index2101                       0x20000324   Data          12  objdict1.o(.data)
    ObjDict1_highestSubIndex_obj2200         0x20000330   Data           1  objdict1.o(.data)
    ObjDict1_obj2200                         0x20000334   Data         112  objdict1.o(.data)
    ObjDict1_Index2200                       0x200003a4   Data         348  objdict1.o(.data)
    ObjDict1_highestSubIndex_obj2201         0x20000500   Data           1  objdict1.o(.data)
    ObjDict1_obj2201                         0x20000504   Data         112  objdict1.o(.data)
    ObjDict1_Index2201                       0x20000574   Data         348  objdict1.o(.data)
    ObjDict1_highestSubIndex_obj2202         0x200006d0   Data           1  objdict1.o(.data)
    ObjDict1_obj2202                         0x200006d4   Data         112  objdict1.o(.data)
    ObjDict1_Index2202                       0x20000744   Data         348  objdict1.o(.data)
    ObjDict1_highestSubIndex_obj2203         0x200008a0   Data           1  objdict1.o(.data)
    ObjDict1_obj2203                         0x200008a4   Data         112  objdict1.o(.data)
    ObjDict1_Index2203                       0x20000914   Data         348  objdict1.o(.data)
    ObjDict1_highestSubIndex_obj2204         0x20000a70   Data           1  objdict1.o(.data)
    ObjDict1_obj2204                         0x20000a74   Data         112  objdict1.o(.data)
    ObjDict1_Index2204                       0x20000ae4   Data         348  objdict1.o(.data)
    ObjDict1_highestSubIndex_obj2205         0x20000c40   Data           1  objdict1.o(.data)
    ObjDict1_obj2205                         0x20000c44   Data         112  objdict1.o(.data)
    ObjDict1_Index2205                       0x20000cb4   Data         348  objdict1.o(.data)
    ObjDict1_highestSubIndex_obj2206         0x20000e10   Data           1  objdict1.o(.data)
    ObjDict1_obj2206                         0x20000e14   Data          64  objdict1.o(.data)
    ObjDict1_Index2206                       0x20000e54   Data         204  objdict1.o(.data)
    ObjDict1_highestSubIndex_obj2207         0x20000f20   Data           1  objdict1.o(.data)
    ObjDict1_obj2207                         0x20000f24   Data          64  objdict1.o(.data)
    ObjDict1_Index2207                       0x20000f64   Data         204  objdict1.o(.data)
    ObjDict1_highestSubIndex_obj2208         0x20001030   Data           1  objdict1.o(.data)
    ObjDict1_obj2208                         0x20001034   Data          72  objdict1.o(.data)
    ObjDict1_Index2208                       0x2000107c   Data         228  objdict1.o(.data)
    ObjDict1_highestSubIndex_obj2209         0x20001160   Data           1  objdict1.o(.data)
    ObjDict1_obj2209                         0x20001164   Data          72  objdict1.o(.data)
    ObjDict1_Index2209                       0x200011ac   Data         228  objdict1.o(.data)
    ObjDict1_highestSubIndex_obj220A         0x20001290   Data           1  objdict1.o(.data)
    ObjDict1_obj220A                         0x20001294   Data          12  objdict1.o(.data)
    ObjDict1_Index220A                       0x200012a0   Data          48  objdict1.o(.data)
    ObjDict1_highestSubIndex_obj220B         0x200012d0   Data           1  objdict1.o(.data)
    ObjDict1_obj220B                         0x200012d4   Data          12  objdict1.o(.data)
    ObjDict1_Index220B                       0x200012e0   Data          48  objdict1.o(.data)
    ObjDict1_highestSubIndex_obj2210         0x20001310   Data           1  objdict1.o(.data)
    ObjDict1_obj2210                         0x20001314   Data           4  objdict1.o(.data)
    ObjDict1_Index2210                       0x20001318   Data          24  objdict1.o(.data)
    ObjDict1_highestSubIndex_obj2211         0x20001330   Data           1  objdict1.o(.data)
    ObjDict1_obj2211                         0x20001334   Data           4  objdict1.o(.data)
    ObjDict1_Index2211                       0x20001338   Data          24  objdict1.o(.data)
    ObjDict1_PDO_status                      0x20001350   Data          18  objdict1.o(.data)
    ObjDict1_firstIndex                      0x20001362   Data          12  objdict1.o(.data)
    ObjDict1_lastIndex                       0x2000136e   Data          12  objdict1.o(.data)
    ObjDict1_ObjdictSize                     0x2000137a   Data           2  objdict1.o(.data)
    ObjDict1_Data                            0x2000137c   Data         616  objdict1.o(.data)
    DI11                                     0x200015e4   Data           1  objdict2.o(.data)
    DI21                                     0x200015e5   Data           1  objdict2.o(.data)
    DO11                                     0x200015e8   Data           4  objdict2.o(.data)
    DO21                                     0x200015ec   Data           1  objdict2.o(.data)
    ObjDict2_bDeviceNodeId                   0x200015ed   Data           1  objdict2.o(.data)
    ObjDict2_heartBeatTimers                 0x200015ee   Data           2  objdict2.o(.data)
    ObjDict2_obj1000                         0x200015f0   Data           4  objdict2.o(.data)
    ObjDict2_Index1000                       0x200015f4   Data          12  objdict2.o(.data)
    ObjDict2_obj1001                         0x20001600   Data           1  objdict2.o(.data)
    ObjDict2_Index1001                       0x20001604   Data          12  objdict2.o(.data)
    ObjDict2_highestSubIndex_obj1003         0x20001610   Data           1  objdict2.o(.data)
    ObjDict2_obj1003                         0x20001614   Data           4  objdict2.o(.data)
    ObjDict2_Index1003_callbacks             0x20001618   Data           8  objdict2.o(.data)
    ObjDict2_Index1003                       0x20001620   Data          24  objdict2.o(.data)
    ObjDict2_obj1005                         0x20001638   Data           4  objdict2.o(.data)
    ObjDict2_Index1005_callbacks             0x2000163c   Data           4  objdict2.o(.data)
    ObjDict2_Index1005                       0x20001640   Data          12  objdict2.o(.data)
    ObjDict2_obj1006                         0x2000164c   Data           4  objdict2.o(.data)
    ObjDict2_Index1006_callbacks             0x20001650   Data           4  objdict2.o(.data)
    ObjDict2_Index1006                       0x20001654   Data          12  objdict2.o(.data)
    ObjDict2_obj1014                         0x20001660   Data           4  objdict2.o(.data)
    ObjDict2_highestSubIndex_obj1016         0x20001664   Data           1  objdict2.o(.data)
    ObjDict2_obj1016                         0x20001668   Data           4  objdict2.o(.data)
    ObjDict2_Index1016                       0x2000166c   Data          24  objdict2.o(.data)
    ObjDict2_obj1017                         0x20001684   Data           2  objdict2.o(.data)
    ObjDict2_highestSubIndex_obj1018         0x20001686   Data           1  objdict2.o(.data)
    ObjDict2_obj1018_Vendor_ID               0x20001688   Data           4  objdict2.o(.data)
    ObjDict2_obj1018_Product_Code            0x2000168c   Data           4  objdict2.o(.data)
    ObjDict2_obj1018_Revision_Number         0x20001690   Data           4  objdict2.o(.data)
    ObjDict2_obj1018_Serial_Number           0x20001694   Data           4  objdict2.o(.data)
    ObjDict2_Index1018                       0x20001698   Data          60  objdict2.o(.data)
    ObjDict2_highestSubIndex_obj1200         0x200016d4   Data           1  objdict2.o(.data)
    ObjDict2_obj1200_COB_ID_Client_to_Server_Receive_SDO 0x200016d8   Data           4  objdict2.o(.data)
    ObjDict2_obj1200_COB_ID_Server_to_Client_Transmit_SDO 0x200016dc   Data           4  objdict2.o(.data)
    ObjDict2_Index1200                       0x200016e0   Data          36  objdict2.o(.data)
    ObjDict2_highestSubIndex_obj1280         0x20001704   Data           1  objdict2.o(.data)
    ObjDict2_obj1280_COB_ID_Client_to_Server_Transmit_SDO 0x20001708   Data           4  objdict2.o(.data)
    ObjDict2_obj1280_COB_ID_Server_to_Client_Receive_SDO 0x2000170c   Data           4  objdict2.o(.data)
    ObjDict2_obj1280_Node_ID_of_the_SDO_Server 0x20001710   Data           1  objdict2.o(.data)
    ObjDict2_Index1280                       0x20001714   Data          48  objdict2.o(.data)
    ObjDict2_highestSubIndex_obj1400         0x20001744   Data           1  objdict2.o(.data)
    ObjDict2_obj1400_COB_ID_used_by_PDO      0x20001748   Data           4  objdict2.o(.data)
    ObjDict2_obj1400_Transmission_Type       0x2000174c   Data           1  objdict2.o(.data)
    ObjDict2_obj1400_Inhibit_Time            0x2000174e   Data           2  objdict2.o(.data)
    ObjDict2_obj1400_Compatibility_Entry     0x20001750   Data           1  objdict2.o(.data)
    ObjDict2_obj1400_Event_Timer             0x20001752   Data           2  objdict2.o(.data)
    ObjDict2_Index1400                       0x20001754   Data          72  objdict2.o(.data)
    ObjDict2_highestSubIndex_obj1600         0x2000179c   Data           1  objdict2.o(.data)
    ObjDict2_obj1600                         0x200017a0   Data           4  objdict2.o(.data)
    ObjDict2_Index1600                       0x200017a4   Data          24  objdict2.o(.data)
    ObjDict2_highestSubIndex_obj1800         0x200017bc   Data           1  objdict2.o(.data)
    ObjDict2_obj1800_COB_ID_used_by_PDO      0x200017c0   Data           4  objdict2.o(.data)
    ObjDict2_obj1800_Transmission_Type       0x200017c4   Data           1  objdict2.o(.data)
    ObjDict2_obj1800_Inhibit_Time            0x200017c6   Data           2  objdict2.o(.data)
    ObjDict2_obj1800_Compatibility_Entry     0x200017c8   Data           1  objdict2.o(.data)
    ObjDict2_obj1800_Event_Timer             0x200017ca   Data           2  objdict2.o(.data)
    ObjDict2_Index1800                       0x200017cc   Data          72  objdict2.o(.data)
    ObjDict2_highestSubIndex_obj1A00         0x20001814   Data           1  objdict2.o(.data)
    ObjDict2_obj1A00                         0x20001818   Data           4  objdict2.o(.data)
    ObjDict2_Index1A00                       0x2000181c   Data          24  objdict2.o(.data)
    ObjDict2_Index2000                       0x20001834   Data          12  objdict2.o(.data)
    ObjDict2_Index2001                       0x20001840   Data          12  objdict2.o(.data)
    ObjDict2_Index2100                       0x2000184c   Data          12  objdict2.o(.data)
    ObjDict2_Index2101                       0x20001858   Data          12  objdict2.o(.data)
    ObjDict2_PDO_status                      0x20001864   Data          18  objdict2.o(.data)
    ObjDict2_firstIndex                      0x20001876   Data          12  objdict2.o(.data)
    ObjDict2_lastIndex                       0x20001882   Data          12  objdict2.o(.data)
    ObjDict2_ObjdictSize                     0x2000188e   Data           2  objdict2.o(.data)
    ObjDict2_Data                            0x20001890   Data         616  objdict2.o(.data)
    InputRegBuffer                           0x20001af8   Data          40  main.o(.bss)
    TxMessage                                0x20001b20   Data          20  main.o(.bss)
    RxMessage                                0x20001b34   Data          20  main.o(.bss)
    TIM_TimeBaseStructure                    0x20001b48   Data          12  main.o(.bss)
    ADUBuff                                  0x20001b54   Data         256  main.o(.bss)
    HoldRegBuffer                            0x20001c54   Data          16  main.o(.bss)
    rdata_bp                                 0x20001c64   Data          77  main.o(.bss)
    rdata16                                  0x20001cb2   Data         110  main.o(.bss)
    wdata16                                  0x20001d20   Data          64  main.o(.bss)
    wdata8                                   0x20001d60   Data          32  main.o(.bss)
    ADUData                                  0x20001d80   Data          12  mbcommon.o(.bss)
    CAN_InitStructure                        0x20001da4   Data          12  can_stm32.o(.bss)
    CAN_FilterInitStructure                  0x20001db0   Data          14  can_stm32.o(.bss)
    timers                                   0x20001dc0   Data         192  timer.o(.bss)
    ObjDict1_Index1800_callbacks             0x20001e80   Data          24  objdict1.o(.bss)
    ObjDict2_Index1800_callbacks             0x20001e98   Data          24  objdict2.o(.bss)
    __initial_sp                             0x200022b0   Data           0  startup_stm32f2xx.o(STACK)



==============================================================================

Memory Map of the image

  Image Entry point : 0x08000185

  Load Region LR_IROM1 (Base: 0x08000000, Size: 0x0000a76c, Max: 0x00080000, ABSOLUTE, COMPRESSED[0x00009540])

    Execution Region ER_IROM1 (Base: 0x08000000, Size: 0x00008c74, Max: 0x00080000, ABSOLUTE)

    Base Addr    Size         Type   Attr      Idx    E Section Name        Object

    0x08000000   0x00000184   Data   RO          756    RESET               startup_stm32f2xx.o
    0x08000184   0x00000000   Code   RO         1112  * .ARM.Collect$$$$00000000  mc_w.l(entry.o)
    0x08000184   0x00000004   Code   RO         1121    .ARM.Collect$$$$00000001  mc_w.l(entry2.o)
    0x08000188   0x00000004   Code   RO         1124    .ARM.Collect$$$$00000004  mc_w.l(entry5.o)
    0x0800018c   0x00000000   Code   RO         1126    .ARM.Collect$$$$00000008  mc_w.l(entry7b.o)
    0x0800018c   0x00000000   Code   RO         1128    .ARM.Collect$$$$0000000A  mc_w.l(entry8b.o)
    0x0800018c   0x00000008   Code   RO         1129    .ARM.Collect$$$$0000000B  mc_w.l(entry9a.o)
    0x08000194   0x00000000   Code   RO         1131    .ARM.Collect$$$$0000000D  mc_w.l(entry10a.o)
    0x08000194   0x00000000   Code   RO         1133    .ARM.Collect$$$$0000000F  mc_w.l(entry11a.o)
    0x08000194   0x00000004   Code   RO         1122    .ARM.Collect$$$$00002712  mc_w.l(entry2.o)
    0x08000198   0x00000f30   Code   RO            2    .text               main.o
    0x080010c8   0x000000b8   Code   RO          208    .text               stm32f2xx_it.o
    0x08001180   0x000001e0   Code   RO          235    .text               system_stm32f2xx.o
    0x08001360   0x000000e4   Code   RO          257    .text               misc.o
    0x08001444   0x000009ec   Code   RO          289    .text               stm32f2xx_can.o
    0x08001e30   0x0000025c   Code   RO          497    .text               stm32f2xx_gpio.o
    0x0800208c   0x00000588   Code   RO          609    .text               stm32f2xx_rcc.o
    0x08002614   0x000003a4   Code   RO          675    .text               stm32f2xx_spi.o
    0x080029b8   0x00000ca2   Code   RO          707    .text               stm32f2xx_tim.o
    0x0800365a   0x00000002   PAD
    0x0800365c   0x0000041a   Code   RO          723    .text               stm32f2xx_usart.o
    0x08003a76   0x00000002   PAD
    0x08003a78   0x00000024   Code   RO          757    .text               startup_stm32f2xx.o
    0x08003a9c   0x00000450   Code   RO          761    .text               mb_pfunction.o
    0x08003eec   0x00000038   Code   RO          787    .text               mb_rtu.o
    0x08003f24   0x0000014c   Code   RO          802    .text               mbcommon.o
    0x08004070   0x00000134   Code   RO          822    .text               mbslave.o
    0x080041a4   0x000001f0   Code   RO          836    .text               can_stm32.o
    0x08004394   0x000000b4   Code   RO          855    .text               timer_stm32.o
    0x08004448   0x0000022c   Code   RO          872    .text               dcf.o
    0x08004674   0x00000294   Code   RO          929    .text               emcy.o
    0x08004908   0x00000250   Code   RO          944    .text               lifegrd.o
    0x08004b58   0x00000084   Code   RO          965    .text               nmtmaster.o
    0x08004bdc   0x0000010e   Code   RO          977    .text               nmtslave.o
    0x08004cea   0x00000002   PAD
    0x08004cec   0x00000270   Code   RO          989    .text               objacces.o
    0x08004f5c   0x000009bc   Code   RO         1001    .text               pdo.o
    0x08005918   0x000024a8   Code   RO         1013    .text               sdo.o
    0x08007dc0   0x00000448   Code   RO         1025    .text               states.o
    0x08008208   0x00000124   Code   RO         1038    .text               sync.o
    0x0800832c   0x00000198   Code   RO         1050    .text               timer.o
    0x080084c4   0x000001a4   Code   RO         1072    .text               objdict1.o
    0x08008668   0x0000010c   Code   RO         1092    .text               objdict2.o
    0x08008774   0x00000024   Code   RO         1115    .text               mc_w.l(memcpya.o)
    0x08008798   0x0000001a   Code   RO         1117    .text               mc_w.l(memcmp.o)
    0x080087b2   0x00000002   PAD
    0x080087b4   0x00000024   Code   RO         1135    .text               mc_w.l(init.o)
    0x080087d8   0x0000005c   Code   RO         1145    .text               mc_w.l(__dczerorl2.o)
    0x08008834   0x0000000e   Code   RO         1139    i.__scatterload_copy  mc_w.l(handlers.o)
    0x08008842   0x00000002   Code   RO         1140    i.__scatterload_null  mc_w.l(handlers.o)
    0x08008844   0x0000000e   Code   RO         1141    i.__scatterload_zeroinit  mc_w.l(handlers.o)
    0x08008852   0x00000002   PAD
    0x08008854   0x00000040   Data   RO          762    .constdata          mb_pfunction.o
    0x08008894   0x00000200   Data   RO          788    .constdata          mb_rtu.o
    0x08008a94   0x00000040   Data   RO         1026    .constdata          states.o
    0x08008ad4   0x000000fc   Data   RO         1074    .constdata          objdict1.o
    0x08008bd0   0x00000084   Data   RO         1094    .constdata          objdict2.o
    0x08008c54   0x00000020   Data   RO         1137    Region$$Table       anon$$obj.o


    Execution Region RW_IRAM1 (Base: 0x20000000, Size: 0x000022b0, Max: 0x00020000, ABSOLUTE, COMPRESSED[0x000008cc])

    Base Addr    Size         Type   Attr      Idx    E Section Name        Object

    0x20000000   0x00000028   Data   RW            4    .data               main.o
    0x20000028   0x00000014   Data   RW          236    .data               system_stm32f2xx.o
    0x2000003c   0x00000010   Data   RW          610    .data               stm32f2xx_rcc.o
    0x2000004c   0x0000000d   Data   RW          804    .data               mbcommon.o
    0x20000059   0x00000003   PAD
    0x2000005c   0x0000000c   Data   RW          856    .data               timer_stm32.o
    0x20000068   0x0000000c   Data   RW         1052    .data               timer.o
    0x20000074   0x00001570   Data   RW         1075    .data               objdict1.o
    0x200015e4   0x00000514   Data   RW         1095    .data               objdict2.o
    0x20001af8   0x00000288   Zero   RW            3    .bss                main.o
    0x20001d80   0x0000000c   Zero   RW          803    .bss                mbcommon.o
    0x20001d8c   0x00000032   Zero   RW          837    .bss                can_stm32.o
    0x20001dbe   0x00000002   PAD
    0x20001dc0   0x000000c0   Zero   RW         1051    .bss                timer.o
    0x20001e80   0x00000018   Zero   RW         1073    .bss                objdict1.o
    0x20001e98   0x00000018   Zero   RW         1093    .bss                objdict2.o
    0x20001eb0   0x00000400   Zero   RW          754    STACK               startup_stm32f2xx.o


==============================================================================

Image component sizes


      Code (inc. data)   RO Data    RW Data    ZI Data      Debug   Object Name

       496         36          0          0         50       2160   can_stm32.o
       556          8          0          0          0      10739   dcf.o
       660          0          0          0          0       2875   emcy.o
       592          4          0          0          0       2861   lifegrd.o
      3888        164          0         40        648     308420   main.o
      1104          0         64          0          0       8214   mb_pfunction.o
        56          8        512          0          0        993   mb_rtu.o
       332         20          0         13         12       3270   mbcommon.o
       308         16          0          0          0       1572   mbslave.o
       228         22          0          0          0       1753   misc.o
       132          0          0          0          0       1165   nmtmaster.o
       270          0          0          0          0        976   nmtslave.o
       624         14          0          0          0       2930   objacces.o
       420         36        252       5488         24      10123   objdict1.o
       268         24        132       1300         24       6663   objdict2.o
      2492          4          0          0          0       6819   pdo.o
      9384         74          0          0          0      15637   sdo.o
        36          8        388          0       1024        808   startup_stm32f2xx.o
      1096         20         64          0          0       3831   states.o
      2540         38          0          0          0       7756   stm32f2xx_can.o
       604         36          0          0          0       3849   stm32f2xx_gpio.o
       184         10          0          0          0       1700   stm32f2xx_it.o
      1416         48          0         16          0      10763   stm32f2xx_rcc.o
       932         22          0          0          0       6248   stm32f2xx_spi.o
      3234         60          0          0          0      22088   stm32f2xx_tim.o
      1050         26          0          0          0       7560   stm32f2xx_usart.o
       292          6          0          0          0       2026   sync.o
       480         42          0         20          0       1759   system_stm32f2xx.o
       408         14          0         12        192       2750   timer.o
       180         10          0         12          0       1256   timer_stm32.o

    ----------------------------------------------------------------------
     34268        770       1444       6904       1976     459564   Object Totals
         0          0         32          0          0          0   (incl. Generated)
         6          0          0          3          2          0   (incl. Padding)

    ----------------------------------------------------------------------

      Code (inc. data)   RO Data    RW Data    ZI Data      Debug   Library Member Name

        92          0          0          0          0          0   __dczerorl2.o
         0          0          0          0          0          0   entry.o
         0          0          0          0          0          0   entry10a.o
         0          0          0          0          0          0   entry11a.o
         8          4          0          0          0          0   entry2.o
         4          0          0          0          0          0   entry5.o
         0          0          0          0          0          0   entry7b.o
         0          0          0          0          0          0   entry8b.o
         8          4          0          0          0          0   entry9a.o
        30          0          0          0          0          0   handlers.o
        36          8          0          0          0         68   init.o
        26          0          0          0          0         80   memcmp.o
        36          0          0          0          0         68   memcpya.o

    ----------------------------------------------------------------------
       244         16          0          0          0        216   Library Totals
         4          0          0          0          0          0   (incl. Padding)

    ----------------------------------------------------------------------

      Code (inc. data)   RO Data    RW Data    ZI Data      Debug   Library Name

       240         16          0          0          0        216   mc_w.l

    ----------------------------------------------------------------------
       244         16          0          0          0        216   Library Totals

    ----------------------------------------------------------------------

==============================================================================


      Code (inc. data)   RO Data    RW Data    ZI Data      Debug   

     34512        786       1444       6904       1976     456868   Grand Totals
     34512        786       1444       2252       1976     456868   ELF Image Totals (compressed)
     34512        786       1444       2252          0          0   ROM Totals

==============================================================================

    Total RO  Size (Code + RO Data)                35956 (  35.11kB)
    Total RW  Size (RW Data + ZI Data)              8880 (   8.67kB)
    Total ROM Size (Code + RO Data + RW Data)      38208 (  37.31kB)

==============================================================================

