<html>
<body>
<pre>
<h1>µVision Build Log</h1>
<h2>Project:</h2>
E:\00 - TMFJ2016\TMFJ-MBCAN\MDK\gateway.uvproj
Project File Date:  03/08/2016

<h2>Output:</h2>
Rebuild target 'Target 1'
compiling main.c...
..\USER\MODBUS.h(78): error:  #20: identifier "uint_t8" is undefined
..\USER\MODBUS.h(120): error:  #20: identifier "uint8" is undefined
..\USER\MBSlave.h(106): warning:  #1-D: last line of file ends without a newline
..\CANopen\objdict2.h(20): warning:  #1-D: last line of file ends without a newline
..\USER\main.c(119): warning:  #174-D: expression has no effect
..\USER\main.c(119): error:  #65: expected a ";"
..\USER\main.c(123): error:  #20: identifier "i" is undefined
..\USER\main.c(132): error:  #169: expected a declaration
..\USER\main.c(159): warning:  #12-D: parsing restarts here after previous syntax error
..\USER\main.c(168): error:  #20: identifier "InputRegBuffer" is undefined
..\USER\main.c(284): warning:  #223-D: function "canInit" declared implicitly
..\USER\main.c(212): warning:  #177-D: variable "data" was declared but never referenced
..\USER\main.c(213): warning:  #177-D: variable "data1" was declared but never referenced
..\USER\main.c(215): warning:  #177-D: variable "res" was declared but never referenced
..\USER\main.c(218): warning:  #177-D: variable "tpdo_cob" was declared but never referenced
..\USER\main.c(367): error:  #20: identifier "CAN_InitStructure" is undefined
..\USER\main.c(448): error:  #20: identifier "CAN_InitStructure" is undefined
compiling stm32f2xx_it.c...
..\USER\stm32f2xx_it.c(191): warning:  #223-D: function "T15EndHandle" declared implicitly
..\USER\stm32f2xx_it.c(208): warning:  #223-D: function "T35EndHandle" declared implicitly
..\USER\stm32f2xx_it.c(230): warning:  #223-D: function "ReceOneChar" declared implicitly
compiling system_stm32f2xx.c...
compiling system_stm32f2xx.c...
compiling misc.c...
compiling stm32f2xx_adc.c...
compiling stm32f2xx_can.c...
compiling stm32f2xx_crc.c...
compiling stm32f2xx_cryp.c...
compiling stm32f2xx_cryp_aes.c...
compiling stm32f2xx_cryp_des.c...
compiling stm32f2xx_cryp_tdes.c...
compiling stm32f2xx_dac.c...
compiling stm32f2xx_dbgmcu.c...
compiling stm32f2xx_dcmi.c...
compiling stm32f2xx_dma.c...
compiling stm32f2xx_exti.c...
compiling stm32f2xx_flash.c...
compiling stm32f2xx_fsmc.c...
compiling stm32f2xx_gpio.c...
compiling stm32f2xx_hash.c...
compiling stm32f2xx_hash_md5.c...
compiling stm32f2xx_hash_sha1.c...
compiling stm32f2xx_i2c.c...
compiling stm32f2xx_iwdg.c...
compiling stm32f2xx_pwr.c...
compiling stm32f2xx_rcc.c...
compiling stm32f2xx_rng.c...
compiling stm32f2xx_rtc.c...
compiling stm32f2xx_sdio.c...
compiling stm32f2xx_spi.c...
compiling stm32f2xx_syscfg.c...
compiling stm32f2xx_tim.c...
compiling stm32f2xx_usart.c...
compiling stm32f2xx_wwdg.c...
assembling startup_stm32f2xx.s...
compiling MB_PFunction.c...
..\USER\modbus.h(76): error:  #20: identifier "uint8_t" is undefined
..\USER\modbus.h(77): error:  #20: identifier "uint8_t" is undefined
..\USER\modbus.h(78): error:  #20: identifier "uint_t8" is undefined
..\USER\modbus.h(83): error:  #20: identifier "uint8_t" is undefined
..\USER\modbus.h(85): error:  #20: identifier "uint8_t" is undefined
..\USER\modbus.h(87): error:  #20: identifier "uint8_t" is undefined
..\USER\modbus.h(88): error:  #20: identifier "uint8_t" is undefined
..\USER\modbus.h(91): error:  #20: identifier "uint8_t" is undefined
..\USER\modbus.h(98): error:  #20: identifier "uint8_t" is undefined
..\USER\modbus.h(100): error:  #20: identifier "uint8_t" is undefined
..\USER\modbus.h(101): error:  #20: identifier "uint16_t" is undefined
..\USER\modbus.h(105): error:  #20: identifier "uint8_t" is undefined
..\USER\modbus.h(106): error:  #20: identifier "uint8_t" is undefined
..\USER\modbus.h(113): error:  #20: identifier "uint8_t" is undefined
error type>(119): error:  #20: identifier "uint8_t" is undefined
..\USER\modbus.h(120): error:  #20: identifier "uint8" is undefined
..\USER\modbus.h(120): error:  #20: identifier "uint8_t" is undefined
..\USER\modbus.h(120): error:  #20: identifier "uint16_t" is undefined
..\USER\modbus.h(125): error:  #20: identifier "uint32_t" is undefined
..\USER\MBSlave.h(82): error:  #20: identifier "uint8_t" is undefined
..\USER\MBSlave.h(83): error:  #20: identifier "uint8_t" is undefined
..\USER\MBSlave.h(84): error:  #20: identifier "uint16_t" is undefined
..\USER\MBSlave.h(86): error:  #20: identifier "uint8_t" is undefined
..\USER\MBSlave.h(87): error:  #20: identifier "uint8_t" is undefined
..\USER\MBSlave.h(89): error:  #20: identifier "uint8_t" is undefined
..\USER\MBSlave.h(97): error:  #20: identifier "uint8_t" is undefined
..\USER\MBSlave.h(106): warning:  #1-D: last line of file ends without a newline
..\USER\MB_PFunction.c(44): error:  #20: identifier "uint8_t" is undefined
..\USER\MB_PFunction.c(44): error:  #20: identifier "uint16_t" is undefined
..\USER\MB_PFunction.c(52): error:  #20: identifier "uint8_t" is undefined
..\USER\MB_PFunction.c(52): error:  #20: identifier "uint16_t" is undefined
compiling MB_RTU.c...
..\USER\MB_RTU.c(36): error:  #20: identifier "uint8_t" is undefined
..\USER\MB_RTU.c(58): error:  #20: identifier "uint8_t" is undefined
..\USER\MB_RTU.c(80): error:  #20: identifier "uint16_t" is undefined
..\USER\MB_RTU.c(80): error:  #20: identifier "uint8_t" is undefined
..\USER\MB_RTU.c(80): error:  #20: identifier "uint16_t" is undefined
..\USER\MB_RTU.c(85): error:  #20: identifier "uint8_t" is undefined
..\USER\MB_RTU.c(86): error:  #20: identifier "uint8_t" is undefined
..\USER\MB_RTU.c(87): error:  #20: identifier "uint16_t" is undefined
compiling MBCommon.c...
..\USER\modbus.h(76): error:  #20: identifier "uint8_t" is undefined
..\USER\modbus.h(77): error:  #20: identifier "uint8_t" is undefined
..\USER\modbus.h(78): error:  #20: identifier "uint_t8" is undefined
..\USER\modbus.h(83): error:  #20: identifier "uint8_t" is undefined
..\USER\modbus.h(85): error:  #20: identifier "uint8_t" is undefined
..\USER\modbus.h(87): error:  #20: identifier "uint8_t" is undefined
..\USER\modbus.h(88): error:  #20: identifier "uint8_t" is undefined
..\USER\modbus.h(91): error:  #20: identifier "uint8_t" is undefined
..\USER\modbus.h(98): error:  #20: identifier "uint8_t" is undefined
..\USER\modbus.h(100): error:  #20: identifier "uint8_t" is undefined
..\USER\modbus.h(101): error:  #20: identifier "uint16_t" is undefined
..\USER\modbus.h(105): error:  #20: identifier "uint8_t" is undefined
..\USER\modbus.h(106): error:  #20: identifier "uint8_t" is undefined
..\USER\modbus.h(113): error:  #20: identifier "uint8_t" is undefined
error type>(119): error:  #20: identifier "uint8_t" is undefined
..\USER\modbus.h(120): error:  #20: identifier "uint8" is undefined
..\USER\modbus.h(120): error:  #20: identifier "uint8_t" is undefined
..\USER\modbus.h(120): error:  #20: identifier "uint16_t" is undefined
..\USER\modbus.h(125): error:  #20: identifier "uint32_t" is undefined
..\USER\MBCommon.c(42): error:  #20: identifier "uint8_t" is undefined
..\USER\MBCommon.c(43): error:  #20: identifier "uint16_t" is undefined
..\USER\MBCommon.c(43): error:  #20: identifier "uint8_t" is undefined
..\USER\MBCommon.c(43): error:  #20: identifier "uint16_t" is undefined
..\USER\MBCommon.c(66): error:  #20: identifier "uint32_t" is undefined
error type>(67): error:  #20: identifier "uint8_t" is undefined
error type>(74): error:  #20: identifier "uint32_t" is undefined
..\USER\MBCommon.c(108): error:  #20: identifier "uint16_t" is undefined
..\USER\MBCommon.c(164): error:  #20: identifier "uint8_t" is undefined
..\USER\MBCommon.c(187): error:  #20: identifier "uint8_t" is undefined
..\USER\MBCommon.c(187): error:  #20: identifier "uint8_t" is undefined
compiling MBSlave.c...
..\USER\modbus.h(76): error:  #20: identifier "uint8_t" is undefined
..\USER\modbus.h(77): error:  #20: identifier "uint8_t" is undefined
..\USER\modbus.h(78): error:  #20: identifier "uint_t8" is undefined
..\USER\modbus.h(83): error:  #20: identifier "uint8_t" is undefined
..\USER\modbus.h(85): error:  #20: identifier "uint8_t" is undefined
..\USER\modbus.h(87): error:  #20: identifier "uint8_t" is undefined
..\USER\modbus.h(88): error:  #20: identifier "uint8_t" is undefined
..\USER\modbus.h(91): error:  #20: identifier "uint8_t" is undefined
..\USER\modbus.h(98): error:  #20: identifier "uint8_t" is undefined
..\USER\modbus.h(100): error:  #20: identifier "uint8_t" is undefined
..\USER\modbus.h(101): error:  #20: identifier "uint16_t" is undefined
..\USER\modbus.h(105): error:  #20: identifier "uint8_t" is undefined
..\USER\modbus.h(106): error:  #20: identifier "uint8_t" is undefined
..\USER\modbus.h(113): error:  #20: identifier "uint8_t" is undefined
error type>(119): error:  #20: identifier "uint8_t" is undefined
..\USER\modbus.h(120): error:  #20: identifier "uint8" is undefined
..\USER\modbus.h(120): error:  #20: identifier "uint8_t" is undefined
..\USER\modbus.h(120): error:  #20: identifier "uint16_t" is undefined
..\USER\modbus.h(125): error:  #20: identifier "uint32_t" is undefined
..\USER\MBSlave.h(82): error:  #20: identifier "uint8_t" is undefined
..\USER\MBSlave.h(83): error:  #20: identifier "uint8_t" is undefined
..\USER\MBSlave.h(84): error:  #20: identifier "uint16_t" is undefined
..\USER\MBSlave.h(86): error:  #20: identifier "uint8_t" is undefined
..\USER\MBSlave.h(87): error:  #20: identifier "uint8_t" is undefined
..\USER\MBSlave.h(89): error:  #20: identifier "uint8_t" is undefined
..\USER\MBSlave.h(97): error:  #20: identifier "uint8_t" is undefined
..\USER\MBSlave.h(106): warning:  #1-D: last line of file ends without a newline
..\USER\MBSlave.c(41): error:  #20: identifier "uint8_t" is undefined
..\USER\MBSlave.c(44): error:  #20: identifier "uint16_t" is undefined
..\USER\MBSlave.c(44): error:  #20: identifier "uint8_t" is undefined
..\USER\MBSlave.c(44): error:  #20: identifier "uint16_t" is undefined
compiling can_stm32.c...
..\CANopen\objdict2.h(20): warning:  #1-D: last line of file ends without a newline
..\CANopen\driver\can_stm32.c(141): warning:  #177-D: variable "TransmitMailbox" was declared but never referenced
..\CANopen\driver\can_stm32.c(225): warning:  #177-D: variable "i" was declared but never referenced
..\CANopen\driver\can_stm32.c(244): warning:  #1-D: last line of file ends without a newline
..\CANopen\driver\can_stm32.c(238): warning:  #177-D: variable "i" was declared but never referenced
compiling timer_stm32.c...
..\CANopen\driver\timer_stm32.c(24): error:  #5: cannot open source input file "stm32f10x.h": No such file or directory
compiling dcf.c...
compiling emcy.c...
..\CANopen\objdict2.h(20): warning:  #1-D: last line of file ends without a newline
compiling lifegrd.c...
..\CANopen\objdict2.h(20): warning:  #1-D: last line of file ends without a newline
compiling lss.c...
..\CANopen\objdict2.h(20): warning:  #1-D: last line of file ends without a newline
compiling nmtMaster.c...
..\CANopen\objdict2.h(20): warning:  #1-D: last line of file ends without a newline
compiling nmtSlave.c...
..\CANopen\objdict2.h(20): warning:  #1-D: last line of file ends without a newline
compiling objacces.c...
compiling pdo.c...
..\CANopen\objdict2.h(20): warning:  #1-D: last line of file ends without a newline
compiling sdo.c...
..\CANopen\objdict2.h(20): warning:  #1-D: last line of file ends without a newline
..\CANopen\src\sdo.c(1405): warning:  #550-D: variable "i" was set but never used
..\CANopen\src\sdo.c(1580): warning:  #550-D: variable "i" was set but never used
compiling states.c...
compiling sync.c...
..\CANopen\objdict2.h(20): warning:  #1-D: last line of file ends without a newline
compiling timer.c...
compiling ObjDict1.c...
compiling ObjDict2.c...
..\CANopen\ObjDict2.h(20): warning:  #1-D: last line of file ends without a newline
Target not created
Rebuild target 'Target 1'
compiling main.c...
..\USER\MBSlave.h(106): warning:  #1-D: last line of file ends without a newline
..\CANopen\objdict2.h(20): warning:  #1-D: last line of file ends without a newline
..\USER\main.c(131): error:  #169: expected a declaration
..\USER\main.c(158): warning:  #12-D: parsing restarts here after previous syntax error
..\USER\main.c(167): error:  #20: identifier "InputRegBuffer" is undefined
..\USER\main.c(283): warning:  #223-D: function "canInit" declared implicitly
..\USER\main.c(211): warning:  #177-D: variable "data" was declared but never referenced
..\USER\main.c(212): warning:  #177-D: variable "data1" was declared but never referenced
..\USER\main.c(214): warning:  #177-D: variable "res" was declared but never referenced
..\USER\main.c(217): warning:  #177-D: variable "tpdo_cob" was declared but never referenced
compiling stm32f2xx_it.c...
..\USER\stm32f2xx_it.c(191): warning:  #223-D: function "T15EndHandle" declared implicitly
..\USER\stm32f2xx_it.c(208): warning:  #223-D: function "T35EndHandle" declared implicitly
..\USER\stm32f2xx_it.c(230): warning:  #223-D: function "ReceOneChar" declared implicitly
compiling system_stm32f2xx.c...
compiling system_stm32f2xx.c...
compiling misc.c...
compiling stm32f2xx_adc.c...
compiling stm32f2xx_can.c...
compiling stm32f2xx_crc.c...
compiling stm32f2xx_cryp.c...
compiling stm32f2xx_cryp_aes.c...
compiling stm32f2xx_cryp_des.c...
compiling stm32f2xx_cryp_tdes.c...
compiling stm32f2xx_dac.c...
compiling stm32f2xx_dbgmcu.c...
compiling stm32f2xx_dcmi.c...
compiling stm32f2xx_dma.c...
compiling stm32f2xx_exti.c...
compiling stm32f2xx_flash.c...
compiling stm32f2xx_fsmc.c...
compiling stm32f2xx_gpio.c...
compiling stm32f2xx_hash.c...
compiling stm32f2xx_hash_md5.c...
compiling stm32f2xx_hash_sha1.c...
compiling stm32f2xx_i2c.c...
compiling stm32f2xx_iwdg.c...
compiling stm32f2xx_pwr.c...
compiling stm32f2xx_rcc.c...
compiling stm32f2xx_rng.c...
compiling stm32f2xx_rtc.c...
compiling stm32f2xx_sdio.c...
compiling stm32f2xx_spi.c...
compiling stm32f2xx_syscfg.c...
compiling stm32f2xx_tim.c...
compiling stm32f2xx_usart.c...
compiling stm32f2xx_wwdg.c...
assembling startup_stm32f2xx.s...
compiling MB_PFunction.c...
..\USER\modbus.h(76): error:  #20: identifier "uint8_t" is undefined
..\USER\modbus.h(77): error:  #20: identifier "uint8_t" is undefined
..\USER\modbus.h(78): error:  #20: identifier "uint8_t" is undefined
..\USER\modbus.h(83): error:  #20: identifier "uint8_t" is undefined
..\USER\modbus.h(85): error:  #20: identifier "uint8_t" is undefined
..\USER\modbus.h(87): error:  #20: identifier "uint8_t" is undefined
..\USER\modbus.h(88): error:  #20: identifier "uint8_t" is undefined
..\USER\modbus.h(91): error:  #20: identifier "uint8_t" is undefined
..\USER\modbus.h(98): error:  #20: identifier "uint8_t" is undefined
..\USER\modbus.h(100): error:  #20: identifier "uint8_t" is undefined
..\USER\modbus.h(101): error:  #20: identifier "uint16_t" is undefined
..\USER\modbus.h(105): error:  #20: identifier "uint8_t" is undefined
..\USER\modbus.h(106): error:  #20: identifier "uint8_t" is undefined
..\USER\modbus.h(113): error:  #20: identifier "uint8_t" is undefined
error type>(119): error:  #20: identifier "uint8_t" is undefined
..\USER\modbus.h(120): error:  #20: identifier "uint8_t" is undefined
..\USER\modbus.h(120): error:  #20: identifier "uint8_t" is undefined
..\USER\modbus.h(120): error:  #20: identifier "uint16_t" is undefined
..\USER\modbus.h(125): error:  #20: identifier "uint32_t" is undefined
..\USER\MBSlave.h(82): error:  #20: identifier "uint8_t" is undefined
..\USER\MBSlave.h(83): error:  #20: identifier "uint8_t" is undefined
..\USER\MBSlave.h(84): error:  #20: identifier "uint16_t" is undefined
..\USER\MBSlave.h(86): error:  #20: identifier "uint8_t" is undefined
..\USER\MBSlave.h(87): error:  #20: identifier "uint8_t" is undefined
..\USER\MBSlave.h(89): error:  #20: identifier "uint8_t" is undefined
..\USER\MBSlave.h(97): error:  #20: identifier "uint8_t" is undefined
..\USER\MBSlave.h(106): warning:  #1-D: last line of file ends without a newline
..\USER\MB_PFunction.c(44): error:  #20: identifier "uint8_t" is undefined
..\USER\MB_PFunction.c(44): error:  #20: identifier "uint16_t" is undefined
..\USER\MB_PFunction.c(52): error:  #20: identifier "uint8_t" is undefined
..\USER\MB_PFunction.c(52): error:  #20: identifier "uint16_t" is undefined
compiling MB_RTU.c...
..\USER\MB_RTU.c(36): error:  #20: identifier "uint8_t" is undefined
..\USER\MB_RTU.c(58): error:  #20: identifier "uint8_t" is undefined
..\USER\MB_RTU.c(80): error:  #20: identifier "uint16_t" is undefined
..\USER\MB_RTU.c(80): error:  #20: identifier "uint8_t" is undefined
..\USER\MB_RTU.c(80): error:  #20: identifier "uint16_t" is undefined
..\USER\MB_RTU.c(85): error:  #20: identifier "uint8_t" is undefined
..\USER\MB_RTU.c(86): error:  #20: identifier "uint8_t" is undefined
..\USER\MB_RTU.c(87): error:  #20: identifier "uint16_t" is undefined
compiling MBCommon.c...
..\USER\modbus.h(76): error:  #20: identifier "uint8_t" is undefined
..\USER\modbus.h(77): error:  #20: identifier "uint8_t" is undefined
..\USER\modbus.h(78): error:  #20: identifier "uint8_t" is undefined
..\USER\modbus.h(83): error:  #20: identifier "uint8_t" is undefined
..\USER\modbus.h(85): error:  #20: identifier "uint8_t" is undefined
..\USER\modbus.h(87): error:  #20: identifier "uint8_t" is undefined
..\USER\modbus.h(88): error:  #20: identifier "uint8_t" is undefined
..\USER\modbus.h(91): error:  #20: identifier "uint8_t" is undefined
..\USER\modbus.h(98): error:  #20: identifier "uint8_t" is undefined
..\USER\modbus.h(100): error:  #20: identifier "uint8_t" is undefined
..\USER\modbus.h(101): error:  #20: identifier "uint16_t" is undefined
..\USER\modbus.h(105): error:  #20: identifier "uint8_t" is undefined
..\USER\modbus.h(106): error:  #20: identifier "uint8_t" is undefined
..\USER\modbus.h(113): error:  #20: identifier "uint8_t" is undefined
error type>(119): error:  #20: identifier "uint8_t" is undefined
..\USER\modbus.h(120): error:  #20: identifier "uint8_t" is undefined
..\USER\modbus.h(120): error:  #20: identifier "uint8_t" is undefined
..\USER\modbus.h(120): error:  #20: identifier "uint16_t" is undefined
..\USER\modbus.h(125): error:  #20: identifier "uint32_t" is undefined
..\USER\MBCommon.c(42): error:  #20: identifier "uint8_t" is undefined
..\USER\MBCommon.c(43): error:  #20: identifier "uint16_t" is undefined
..\USER\MBCommon.c(43): error:  #20: identifier "uint8_t" is undefined
..\USER\MBCommon.c(43): error:  #20: identifier "uint16_t" is undefined
..\USER\MBCommon.c(66): error:  #20: identifier "uint32_t" is undefined
error type>(67): error:  #20: identifier "uint8_t" is undefined
error type>(74): error:  #20: identifier "uint32_t" is undefined
..\USER\MBCommon.c(108): error:  #20: identifier "uint16_t" is undefined
..\USER\MBCommon.c(164): error:  #20: identifier "uint8_t" is undefined
..\USER\MBCommon.c(187): error:  #20: identifier "uint8_t" is undefined
..\USER\MBCommon.c(187): error:  #20: identifier "uint8_t" is undefined
compiling MBSlave.c...
..\USER\modbus.h(76): error:  #20: identifier "uint8_t" is undefined
..\USER\modbus.h(77): error:  #20: identifier "uint8_t" is undefined
..\USER\modbus.h(78): error:  #20: identifier "uint8_t" is undefined
..\USER\modbus.h(83): error:  #20: identifier "uint8_t" is undefined
..\USER\modbus.h(85): error:  #20: identifier "uint8_t" is undefined
..\USER\modbus.h(87): error:  #20: identifier "uint8_t" is undefined
..\USER\modbus.h(88): error:  #20: identifier "uint8_t" is undefined
..\USER\modbus.h(91): error:  #20: identifier "uint8_t" is undefined
..\USER\modbus.h(98): error:  #20: identifier "uint8_t" is undefined
..\USER\modbus.h(100): error:  #20: identifier "uint8_t" is undefined
..\USER\modbus.h(101): error:  #20: identifier "uint16_t" is undefined
..\USER\modbus.h(105): error:  #20: identifier "uint8_t" is undefined
..\USER\modbus.h(106): error:  #20: identifier "uint8_t" is undefined
..\USER\modbus.h(113): error:  #20: identifier "uint8_t" is undefined
error type>(119): error:  #20: identifier "uint8_t" is undefined
..\USER\modbus.h(120): error:  #20: identifier "uint8_t" is undefined
..\USER\modbus.h(120): error:  #20: identifier "uint8_t" is undefined
..\USER\modbus.h(120): error:  #20: identifier "uint16_t" is undefined
..\USER\modbus.h(125): error:  #20: identifier "uint32_t" is undefined
..\USER\MBSlave.h(82): error:  #20: identifier "uint8_t" is undefined
..\USER\MBSlave.h(83): error:  #20: identifier "uint8_t" is undefined
..\USER\MBSlave.h(84): error:  #20: identifier "uint16_t" is undefined
..\USER\MBSlave.h(86): error:  #20: identifier "uint8_t" is undefined
..\USER\MBSlave.h(87): error:  #20: identifier "uint8_t" is undefined
..\USER\MBSlave.h(89): error:  #20: identifier "uint8_t" is undefined
..\USER\MBSlave.h(97): error:  #20: identifier "uint8_t" is undefined
..\USER\MBSlave.h(106): warning:  #1-D: last line of file ends without a newline
..\USER\MBSlave.c(41): error:  #20: identifier "uint8_t" is undefined
..\USER\MBSlave.c(44): error:  #20: identifier "uint16_t" is undefined
..\USER\MBSlave.c(44): error:  #20: identifier "uint8_t" is undefined
..\USER\MBSlave.c(44): error:  #20: identifier "uint16_t" is undefined
compiling can_stm32.c...
..\CANopen\objdict2.h(20): warning:  #1-D: last line of file ends without a newline
..\CANopen\driver\can_stm32.c(141): warning:  #177-D: variable "TransmitMailbox" was declared but never referenced
..\CANopen\driver\can_stm32.c(225): warning:  #177-D: variable "i" was declared but never referenced
..\CANopen\driver\can_stm32.c(244): warning:  #1-D: last line of file ends without a newline
..\CANopen\driver\can_stm32.c(238): warning:  #177-D: variable "i" was declared but never referenced
compiling timer_stm32.c...
..\CANopen\driver\timer_stm32.c(24): error:  #5: cannot open source input file "stm32f10x.h": No such file or directory
compiling dcf.c...
compiling emcy.c...
..\CANopen\objdict2.h(20): warning:  #1-D: last line of file ends without a newline
compiling lifegrd.c...
..\CANopen\objdict2.h(20): warning:  #1-D: last line of file ends without a newline
compiling lss.c...
..\CANopen\objdict2.h(20): warning:  #1-D: last line of file ends without a newline
compiling nmtMaster.c...
..\CANopen\objdict2.h(20): warning:  #1-D: last line of file ends without a newline
compiling nmtSlave.c...
..\CANopen\objdict2.h(20): warning:  #1-D: last line of file ends without a newline
compiling objacces.c...
compiling pdo.c...
..\CANopen\objdict2.h(20): warning:  #1-D: last line of file ends without a newline
compiling sdo.c...
..\CANopen\objdict2.h(20): warning:  #1-D: last line of file ends without a newline
..\CANopen\src\sdo.c(1405): warning:  #550-D: variable "i" was set but never used
..\CANopen\src\sdo.c(1580): warning:  #550-D: variable "i" was set but never used
compiling states.c...
compiling sync.c...
..\CANopen\objdict2.h(20): warning:  #1-D: last line of file ends without a newline
compiling timer.c...
compiling ObjDict1.c...
compiling ObjDict2.c...
..\CANopen\ObjDict2.h(20): warning:  #1-D: last line of file ends without a newline
Target not created
Rebuild target 'Target 1'
compiling main.c...
..\USER\MBSlave.h(106): warning:  #1-D: last line of file ends without a newline
..\CANopen\objdict2.h(20): warning:  #1-D: last line of file ends without a newline
..\USER\main.c(283): warning:  #223-D: function "canInit" declared implicitly
..\USER\main.c(211): warning:  #177-D: variable "data" was declared but never referenced
..\USER\main.c(212): warning:  #177-D: variable "data1" was declared but never referenced
..\USER\main.c(214): warning:  #177-D: variable "res" was declared but never referenced
..\USER\main.c(217): warning:  #177-D: variable "tpdo_cob" was declared but never referenced
compiling stm32f2xx_it.c...
..\USER\stm32f2xx_it.c(191): warning:  #223-D: function "T15EndHandle" declared implicitly
..\USER\stm32f2xx_it.c(208): warning:  #223-D: function "T35EndHandle" declared implicitly
..\USER\stm32f2xx_it.c(230): warning:  #223-D: function "ReceOneChar" declared implicitly
compiling system_stm32f2xx.c...
compiling system_stm32f2xx.c...
compiling misc.c...
compiling stm32f2xx_adc.c...
compiling stm32f2xx_can.c...
compiling stm32f2xx_crc.c...
compiling stm32f2xx_cryp.c...
compiling stm32f2xx_cryp_aes.c...
compiling stm32f2xx_cryp_des.c...
compiling stm32f2xx_cryp_tdes.c...
compiling stm32f2xx_dac.c...
compiling stm32f2xx_dbgmcu.c...
compiling stm32f2xx_dcmi.c...
compiling stm32f2xx_dma.c...
compiling stm32f2xx_exti.c...
compiling stm32f2xx_flash.c...
compiling stm32f2xx_fsmc.c...
compiling stm32f2xx_gpio.c...
compiling stm32f2xx_hash.c...
compiling stm32f2xx_hash_md5.c...
compiling stm32f2xx_hash_sha1.c...
compiling stm32f2xx_i2c.c...
compiling stm32f2xx_iwdg.c...
compiling stm32f2xx_pwr.c...
compiling stm32f2xx_rcc.c...
compiling stm32f2xx_rng.c...
compiling stm32f2xx_rtc.c...
compiling stm32f2xx_sdio.c...
compiling stm32f2xx_spi.c...
compiling stm32f2xx_syscfg.c...
compiling stm32f2xx_tim.c...
compiling stm32f2xx_usart.c...
compiling stm32f2xx_wwdg.c...
assembling startup_stm32f2xx.s...
compiling MB_PFunction.c...
..\USER\MBSlave.h(106): warning:  #1-D: last line of file ends without a newline
..\USER\MB_PFunction.c(316): error:  #20: identifier "uint8" is undefined
..\USER\MB_PFunction.c(317): error:  #65: expected a ";"
..\USER\MB_PFunction.c(339): error:  #20: identifier "uint8" is undefined
..\USER\MB_PFunction.c(340): error:  #65: expected a ";"
compiling MB_RTU.c...
compiling MBCommon.c...
..\USER\MBCommon.c(213): warning:  #1-D: last line of file ends without a newline
compiling MBSlave.c...
..\USER\MBSlave.h(106): warning:  #1-D: last line of file ends without a newline
..\USER\MBSlave.c(129): error:  #20: identifier "uint8" is undefined
..\USER\MBSlave.c(130): error:  #65: expected a ";"
..\USER\MBSlave.c(144): warning:  #177-D: variable "err" was declared but never referenced
compiling can_stm32.c...
..\CANopen\objdict2.h(20): warning:  #1-D: last line of file ends without a newline
..\CANopen\driver\can_stm32.c(141): warning:  #177-D: variable "TransmitMailbox" was declared but never referenced
..\CANopen\driver\can_stm32.c(225): warning:  #177-D: variable "i" was declared but never referenced
..\CANopen\driver\can_stm32.c(244): warning:  #1-D: last line of file ends without a newline
..\CANopen\driver\can_stm32.c(238): warning:  #177-D: variable "i" was declared but never referenced
compiling timer_stm32.c...
..\CANopen\driver\timer_stm32.c(24): error:  #5: cannot open source input file "stm32f10x.h": No such file or directory
compiling dcf.c...
compiling emcy.c...
..\CANopen\objdict2.h(20): warning:  #1-D: last line of file ends without a newline
compiling lifegrd.c...
..\CANopen\objdict2.h(20): warning:  #1-D: last line of file ends without a newline
compiling lss.c...
..\CANopen\objdict2.h(20): warning:  #1-D: last line of file ends without a newline
compiling nmtMaster.c...
..\CANopen\objdict2.h(20): warning:  #1-D: last line of file ends without a newline
compiling nmtSlave.c...
..\CANopen\objdict2.h(20): warning:  #1-D: last line of file ends without a newline
compiling objacces.c...
compiling pdo.c...
..\CANopen\objdict2.h(20): warning:  #1-D: last line of file ends without a newline
compiling sdo.c...
..\CANopen\objdict2.h(20): warning:  #1-D: last line of file ends without a newline
..\CANopen\src\sdo.c(1405): warning:  #550-D: variable "i" was set but never used
..\CANopen\src\sdo.c(1580): warning:  #550-D: variable "i" was set but never used
compiling states.c...
compiling sync.c...
..\CANopen\objdict2.h(20): warning:  #1-D: last line of file ends without a newline
compiling timer.c...
compiling ObjDict1.c...
compiling ObjDict2.c...
..\CANopen\ObjDict2.h(20): warning:  #1-D: last line of file ends without a newline
Target not created
Rebuild target 'Target 1'
compiling main.c...
..\USER\MBSlave.h(106): warning:  #1-D: last line of file ends without a newline
..\CANopen\objdict2.h(20): warning:  #1-D: last line of file ends without a newline
..\USER\main.c(283): warning:  #223-D: function "canInit" declared implicitly
..\USER\main.c(211): warning:  #177-D: variable "data" was declared but never referenced
..\USER\main.c(212): warning:  #177-D: variable "data1" was declared but never referenced
..\USER\main.c(214): warning:  #177-D: variable "res" was declared but never referenced
..\USER\main.c(217): warning:  #177-D: variable "tpdo_cob" was declared but never referenced
compiling stm32f2xx_it.c...
..\USER\stm32f2xx_it.c(191): warning:  #223-D: function "T15EndHandle" declared implicitly
..\USER\stm32f2xx_it.c(208): warning:  #223-D: function "T35EndHandle" declared implicitly
..\USER\stm32f2xx_it.c(230): warning:  #223-D: function "ReceOneChar" declared implicitly
compiling system_stm32f2xx.c...
compiling system_stm32f2xx.c...
compiling misc.c...
compiling stm32f2xx_adc.c...
compiling stm32f2xx_can.c...
compiling stm32f2xx_crc.c...
compiling stm32f2xx_cryp.c...
compiling stm32f2xx_cryp_aes.c...
compiling stm32f2xx_cryp_des.c...
compiling stm32f2xx_cryp_tdes.c...
compiling stm32f2xx_dac.c...
compiling stm32f2xx_dbgmcu.c...
compiling stm32f2xx_dcmi.c...
compiling stm32f2xx_dma.c...
compiling stm32f2xx_exti.c...
compiling stm32f2xx_flash.c...
compiling stm32f2xx_fsmc.c...
compiling stm32f2xx_gpio.c...
compiling stm32f2xx_hash.c...
compiling stm32f2xx_hash_md5.c...
compiling stm32f2xx_hash_sha1.c...
compiling stm32f2xx_i2c.c...
compiling stm32f2xx_iwdg.c...
compiling stm32f2xx_pwr.c...
compiling stm32f2xx_rcc.c...
compiling stm32f2xx_rng.c...
compiling stm32f2xx_rtc.c...
compiling stm32f2xx_sdio.c...
compiling stm32f2xx_spi.c...
compiling stm32f2xx_syscfg.c...
compiling stm32f2xx_tim.c...
compiling stm32f2xx_usart.c...
compiling stm32f2xx_wwdg.c...
assembling startup_stm32f2xx.s...
compiling MB_PFunction.c...
..\USER\MBSlave.h(106): warning:  #1-D: last line of file ends without a newline
compiling MB_RTU.c...
compiling MBCommon.c...
..\USER\MBCommon.c(213): warning:  #1-D: last line of file ends without a newline
compiling MBSlave.c...
..\USER\MBSlave.h(106): warning:  #1-D: last line of file ends without a newline
..\USER\MBSlave.c(144): warning:  #177-D: variable "err" was declared but never referenced
compiling can_stm32.c...
..\CANopen\objdict2.h(20): warning:  #1-D: last line of file ends without a newline
..\CANopen\driver\can_stm32.c(141): warning:  #177-D: variable "TransmitMailbox" was declared but never referenced
..\CANopen\driver\can_stm32.c(225): warning:  #177-D: variable "i" was declared but never referenced
..\CANopen\driver\can_stm32.c(244): warning:  #1-D: last line of file ends without a newline
..\CANopen\driver\can_stm32.c(238): warning:  #177-D: variable "i" was declared but never referenced
compiling timer_stm32.c...
..\CANopen\objdict2.h(20): warning:  #1-D: last line of file ends without a newline
..\CANopen\driver\timer_stm32.c(150): warning:  #1-D: last line of file ends without a newline
..\CANopen\driver\timer_stm32.c(39): warning:  #177-D: variable "TimerAlarm" was declared but never referenced
compiling dcf.c...
compiling emcy.c...
..\CANopen\objdict2.h(20): warning:  #1-D: last line of file ends without a newline
compiling lifegrd.c...
..\CANopen\objdict2.h(20): warning:  #1-D: last line of file ends without a newline
compiling lss.c...
..\CANopen\objdict2.h(20): warning:  #1-D: last line of file ends without a newline
compiling nmtMaster.c...
..\CANopen\objdict2.h(20): warning:  #1-D: last line of file ends without a newline
compiling nmtSlave.c...
..\CANopen\objdict2.h(20): warning:  #1-D: last line of file ends without a newline
compiling objacces.c...
compiling pdo.c...
..\CANopen\objdict2.h(20): warning:  #1-D: last line of file ends without a newline
compiling sdo.c...
..\CANopen\objdict2.h(20): warning:  #1-D: last line of file ends without a newline
..\CANopen\src\sdo.c(1405): warning:  #550-D: variable "i" was set but never used
..\CANopen\src\sdo.c(1580): warning:  #550-D: variable "i" was set but never used
compiling states.c...
compiling sync.c...
..\CANopen\objdict2.h(20): warning:  #1-D: last line of file ends without a newline
compiling timer.c...
compiling ObjDict1.c...
compiling ObjDict2.c...
..\CANopen\ObjDict2.h(20): warning:  #1-D: last line of file ends without a newline
linking...
gateway.axf: Warning: L6304W: Duplicate input file system_stm32f2xx.o ignored.
gateway.axf: Error: L6200E: Symbol TIM2_IRQHandler multiply defined (by timer_stm32.o and stm32f2xx_it.o).
Target not created
Rebuild target 'Target 1'
compiling main.c...
..\USER\MBSlave.h(106): warning:  #1-D: last line of file ends without a newline
..\CANopen\objdict2.h(20): warning:  #1-D: last line of file ends without a newline
..\USER\main.c(283): warning:  #223-D: function "canInit" declared implicitly
..\USER\main.c(211): warning:  #177-D: variable "data" was declared but never referenced
..\USER\main.c(212): warning:  #177-D: variable "data1" was declared but never referenced
..\USER\main.c(214): warning:  #177-D: variable "res" was declared but never referenced
..\USER\main.c(217): warning:  #177-D: variable "tpdo_cob" was declared but never referenced
compiling stm32f2xx_it.c...
..\USER\stm32f2xx_it.c(191): warning:  #223-D: function "T15EndHandle" declared implicitly
..\USER\stm32f2xx_it.c(208): warning:  #223-D: function "T35EndHandle" declared implicitly
..\USER\stm32f2xx_it.c(230): warning:  #223-D: function "ReceOneChar" declared implicitly
compiling system_stm32f2xx.c...
compiling system_stm32f2xx.c...
compiling misc.c...
compiling stm32f2xx_adc.c...
compiling stm32f2xx_can.c...
compiling stm32f2xx_crc.c...
compiling stm32f2xx_cryp.c...
compiling stm32f2xx_cryp_aes.c...
compiling stm32f2xx_cryp_des.c...
compiling stm32f2xx_cryp_tdes.c...
compiling stm32f2xx_dac.c...
compiling stm32f2xx_dbgmcu.c...
compiling stm32f2xx_dcmi.c...
compiling stm32f2xx_dma.c...
compiling stm32f2xx_exti.c...
compiling stm32f2xx_flash.c...
compiling stm32f2xx_fsmc.c...
compiling stm32f2xx_gpio.c...
compiling stm32f2xx_hash.c...
compiling stm32f2xx_hash_md5.c...
compiling stm32f2xx_hash_sha1.c...
compiling stm32f2xx_i2c.c...
compiling stm32f2xx_iwdg.c...
compiling stm32f2xx_pwr.c...
compiling stm32f2xx_rcc.c...
compiling stm32f2xx_rng.c...
compiling stm32f2xx_rtc.c...
compiling stm32f2xx_sdio.c...
compiling stm32f2xx_spi.c...
compiling stm32f2xx_syscfg.c...
compiling stm32f2xx_tim.c...
compiling stm32f2xx_usart.c...
compiling stm32f2xx_wwdg.c...
assembling startup_stm32f2xx.s...
compiling MB_PFunction.c...
..\USER\MBSlave.h(106): warning:  #1-D: last line of file ends without a newline
compiling MB_RTU.c...
compiling MBCommon.c...
..\USER\MBCommon.c(213): warning:  #1-D: last line of file ends without a newline
compiling MBSlave.c...
..\USER\MBSlave.h(106): warning:  #1-D: last line of file ends without a newline
..\USER\MBSlave.c(144): warning:  #177-D: variable "err" was declared but never referenced
compiling can_stm32.c...
..\CANopen\objdict2.h(20): warning:  #1-D: last line of file ends without a newline
..\CANopen\driver\can_stm32.c(141): warning:  #177-D: variable "TransmitMailbox" was declared but never referenced
..\CANopen\driver\can_stm32.c(225): warning:  #177-D: variable "i" was declared but never referenced
..\CANopen\driver\can_stm32.c(244): warning:  #1-D: last line of file ends without a newline
..\CANopen\driver\can_stm32.c(238): warning:  #177-D: variable "i" was declared but never referenced
compiling timer_stm32.c...
..\CANopen\objdict2.h(20): warning:  #1-D: last line of file ends without a newline
..\CANopen\driver\timer_stm32.c(150): warning:  #1-D: last line of file ends without a newline
..\CANopen\driver\timer_stm32.c(39): warning:  #177-D: variable "TimerAlarm" was declared but never referenced
compiling dcf.c...
compiling emcy.c...
..\CANopen\objdict2.h(20): warning:  #1-D: last line of file ends without a newline
compiling lifegrd.c...
..\CANopen\objdict2.h(20): warning:  #1-D: last line of file ends without a newline
compiling lss.c...
..\CANopen\objdict2.h(20): warning:  #1-D: last line of file ends without a newline
compiling nmtMaster.c...
..\CANopen\objdict2.h(20): warning:  #1-D: last line of file ends without a newline
compiling nmtSlave.c...
..\CANopen\objdict2.h(20): warning:  #1-D: last line of file ends without a newline
compiling objacces.c...
compiling pdo.c...
..\CANopen\objdict2.h(20): warning:  #1-D: last line of file ends without a newline
compiling sdo.c...
..\CANopen\objdict2.h(20): warning:  #1-D: last line of file ends without a newline
..\CANopen\src\sdo.c(1405): warning:  #550-D: variable "i" was set but never used
..\CANopen\src\sdo.c(1580): warning:  #550-D: variable "i" was set but never used
compiling states.c...
compiling sync.c...
..\CANopen\objdict2.h(20): warning:  #1-D: last line of file ends without a newline
compiling timer.c...
compiling ObjDict1.c...
compiling ObjDict2.c...
..\CANopen\ObjDict2.h(20): warning:  #1-D: last line of file ends without a newline
linking...
gateway.axf: Warning: L6304W: Duplicate input file system_stm32f2xx.o ignored.
Program Size: Code=31912 RO-data=1444 RW-data=6732 ZI-data=1804  
"gateway.axf" - 0 Error(s), 34 Warning(s).
