<html>
<body>
<pre>
<h1>礦ision Build Log</h1>
<h2>Project:</h2>
D:\CAN资料\TMFJ-MBCAN-0318\MDK\gateway.uvproj
Project File Date:  03/15/2016

<h2>Output:</h2>
Rebuild target 'Target 1'
compiling main.c...
..\USER\main.c(478): warning:  #111-D: statement is unreachable
                size = 4;
..\USER\main.c(588): warning:  #940-D: missing return statement at end of non-void function "MB_GetRegValue"
  }
..\USER\main.c(719): warning:  #223-D: function "canInit" declared implicitly
        canInit();
..\USER\main.c(649): warning:  #177-D: variable "data" was declared but never referenced
    UNS32 data=0;
..\USER\main.c(650): warning:  #177-D: variable "data1" was declared but never referenced
    UNS16 data1=0;
..\USER\main.c(651): warning:  #177-D: variable "i" was declared but never referenced
    UNS32 i;
..\USER\main.c(652): warning:  #177-D: variable "tpdo_cob" was declared but never referenced
    UNS32 tpdo_cob;
..\USER\main.c: 7 warnings, 0 errors
compiling stm32f2xx_it.c...
..\USER\stm32f2xx_it.c(191): warning:  #223-D: function "T15EndHandle" declared implicitly
     T15EndHandle();
..\USER\stm32f2xx_it.c(208): warning:  #223-D: function "T35EndHandle" declared implicitly
    T35EndHandle();
..\USER\stm32f2xx_it.c(230): warning:  #223-D: function "ReceOneChar" declared implicitly
                ReceOneChar(i); 
..\USER\stm32f2xx_it.c: 3 warnings, 0 errors
compiling system_stm32f2xx.c...
compiling system_stm32f2xx.c...
compiling misc.c...
compiling stm32f2xx_adc.c...
compiling stm32f2xx_can.c...
compiling stm32f2xx_crc.c...
compiling stm32f2xx_cryp.c...
compiling stm32f2xx_cryp_aes.c...
compiling stm32f2xx_cryp_des.c...
compiling stm32f2xx_cryp_tdes.c...
compiling stm32f2xx_dac.c...
compiling stm32f2xx_dbgmcu.c...
compiling stm32f2xx_dcmi.c...
compiling stm32f2xx_dma.c...
compiling stm32f2xx_exti.c...
compiling stm32f2xx_flash.c...
compiling stm32f2xx_fsmc.c...
compiling stm32f2xx_gpio.c...
compiling stm32f2xx_hash.c...
compiling stm32f2xx_hash_md5.c...
compiling stm32f2xx_hash_sha1.c...
compiling stm32f2xx_i2c.c...
compiling stm32f2xx_iwdg.c...
compiling stm32f2xx_pwr.c...
compiling stm32f2xx_rcc.c...
compiling stm32f2xx_rng.c...
compiling stm32f2xx_rtc.c...
compiling stm32f2xx_sdio.c...
compiling stm32f2xx_spi.c...
compiling stm32f2xx_syscfg.c...
compiling stm32f2xx_tim.c...
compiling stm32f2xx_usart.c...
compiling stm32f2xx_wwdg.c...
assembling startup_stm32f2xx.s...
compiling MB_PFunction.c...
compiling MB_RTU.c...
compiling MBCommon.c...
..\USER\MBCommon.c(213): warning:  #1-D: last line of file ends without a newline
  #endif
..\USER\MBCommon.c: 1 warning, 0 errors
compiling MBSlave.c...
..\USER\MBSlave.c(144): warning:  #177-D: variable "err" was declared but never referenced
        uint8_t err;
..\USER\MBSlave.c: 1 warning, 0 errors
compiling can_stm32.c...
..\CANopen\driver\can_stm32.c(155): warning:  #9-D: nested comment is not allowed
  //******************************************************************************/
..\CANopen\driver\can_stm32.c(257): warning:  #177-D: variable "TransmitMailbox" was declared but never referenced
    u8 TransmitMailbox; 
..\CANopen\driver\can_stm32.c(341): warning:  #177-D: variable "i" was declared but never referenced
    u8 i;               
..\CANopen\driver\can_stm32.c(360): warning:  #1-D: last line of file ends without a newline
  }
..\CANopen\driver\can_stm32.c(354): warning:  #177-D: variable "i" was declared but never referenced
    u8 i;               
..\CANopen\driver\can_stm32.c: 5 warnings, 0 errors
compiling timer_stm32.c...
..\CANopen\driver\timer_stm32.c(126): warning:  #177-D: variable "i" was declared but never referenced
        UNS64 i;
..\CANopen\driver\timer_stm32.c(181): warning:  #1-D: last line of file ends without a newline
  //} 
..\CANopen\driver\timer_stm32.c(38): warning:  #177-D: variable "debug_bit" was declared but never referenced
  static unsigned int debug_bit=0;
..\CANopen\driver\timer_stm32.c(39): warning:  #177-D: variable "TimerAlarm" was declared but never referenced
  static unsigned int TimerAlarm=65535;
..\CANopen\driver\timer_stm32.c: 4 warnings, 0 errors
compiling dcf.c...
compiling emcy.c...
compiling lifegrd.c...
compiling lss.c...
compiling nmtMaster.c...
compiling nmtSlave.c...
compiling objacces.c...
compiling pdo.c...
compiling sdo.c...
..\CANopen\src\sdo.c(1515): warning:  #550-D: variable "i" was set but never used
        UNS8 i;
..\CANopen\src\sdo.c(1690): warning:  #550-D: variable "i" was set but never used
        UNS8 i;
..\CANopen\src\sdo.c: 2 warnings, 0 errors
compiling states.c...
compiling sync.c...
compiling timer.c...
compiling ObjDict1.c...
compiling ObjDict2.c...
linking...
.\gateway.axf: Warning: L6304W: Duplicate input file .\system_stm32f2xx.o ignored.
Program Size: Code=34512 RO-data=1444 RW-data=6904 ZI-data=1976  
Finished: 0 information, 1 warning and 0 error messages.
".\gateway.axf" - 0 Error(s), 24 Warning(s).
Load "D:\\CAN资料\\TMFJ-MBCAN-0318\\MDK\\gateway.axf" 
Set JLink Project File to "D:\CAN资料\TMFJ-MBCAN-0318\MDK\JLinkSettings.ini"
* JLink Info: Device "STM32F205RE" selected (512 KB flash, 64 KB RAM).
 
JLink info:
------------
DLL: V4.72a, compiled Jun 26 2013 11:49:14
Firmware: J-Link V9 compiled Feb  2 2016 18:43:46
Hardware: V9.20
S/N : 59820013 
Feature(s) : RDI, FlashBP, FlashDL, JFlash, GDB 
 
* JLink Info: Found SWD-DP with ID 0x2BA01477
* JLink Info: Found SWD-DP with ID 0x2BA01477
* JLink Info: TPIU fitted.
* JLink Info: ETM fitted.
* JLink Info: FPUnit: 6 code (BP) slots and 2 literal slots
* JLink Info: Found Cortex-M3 r2p0, Little endian.
ROMTableAddr = 0xE00FF003
 
Target info:
------------
Device: STM32F205RE
VTarget = 3.298V
State of Pins: 
TCK: 0, TDI: 0, TDO: 0, TMS: 1, TRES: 1, TRST: 0
Hardware-Breakpoints: 6
Software-Breakpoints: 8192
Watchpoints:          4
JTAG speed: 500 kHz
 
Erase Done.
Programming Done.
Verify OK.
Application running ...
</pre>
</body>
</html>
